mode: set
github.com/mattermost/focalboard/server/model/auth.go:16.48,20.2 1 0
github.com/mattermost/focalboard/server/model/auth.go:26.40,28.2 1 0
github.com/mattermost/focalboard/server/model/auth.go:63.68,65.60 2 0
github.com/mattermost/focalboard/server/model/auth.go:65.60,67.3 1 0
github.com/mattermost/focalboard/server/model/auth.go:68.2,68.19 1 0
github.com/mattermost/focalboard/server/model/auth.go:91.44,92.42 1 0
github.com/mattermost/focalboard/server/model/auth.go:92.42,94.3 1 0
github.com/mattermost/focalboard/server/model/auth.go:95.2,95.39 1 0
github.com/mattermost/focalboard/server/model/auth.go:95.39,97.3 1 0
github.com/mattermost/focalboard/server/model/auth.go:98.2,98.34 1 0
github.com/mattermost/focalboard/server/model/auth.go:98.34,100.3 1 0
github.com/mattermost/focalboard/server/model/auth.go:101.2,101.23 1 0
github.com/mattermost/focalboard/server/model/auth.go:101.23,103.3 1 0
github.com/mattermost/focalboard/server/model/auth.go:104.2,104.37 1 0
github.com/mattermost/focalboard/server/model/auth.go:120.50,121.26 1 0
github.com/mattermost/focalboard/server/model/auth.go:121.26,123.3 1 0
github.com/mattermost/focalboard/server/model/auth.go:124.2,124.26 1 0
github.com/mattermost/focalboard/server/model/auth.go:124.26,126.3 1 0
github.com/mattermost/focalboard/server/model/auth.go:127.2,127.40 1 0
github.com/mattermost/focalboard/server/model/auth.go:130.45,131.43 1 0
github.com/mattermost/focalboard/server/model/auth.go:131.43,133.3 1 0
github.com/mattermost/focalboard/server/model/auth.go:134.2,134.12 1 0
github.com/mattermost/focalboard/server/model/block.go:135.46,139.2 3 0
github.com/mattermost/focalboard/server/model/block.go:143.33,144.21 1 0
github.com/mattermost/focalboard/server/model/block.go:144.21,146.3 1 0
github.com/mattermost/focalboard/server/model/block.go:148.2,148.58 1 0
github.com/mattermost/focalboard/server/model/block.go:148.58,150.3 1 0
github.com/mattermost/focalboard/server/model/block.go:152.2,153.16 2 0
github.com/mattermost/focalboard/server/model/block.go:153.16,155.3 1 0
github.com/mattermost/focalboard/server/model/block.go:157.2,157.70 1 0
github.com/mattermost/focalboard/server/model/block.go:157.70,159.3 1 0
github.com/mattermost/focalboard/server/model/block.go:161.2,161.12 1 0
github.com/mattermost/focalboard/server/model/block.go:165.40,177.2 1 0
github.com/mattermost/focalboard/server/model/block.go:180.49,181.23 1 0
github.com/mattermost/focalboard/server/model/block.go:181.23,183.3 1 0
github.com/mattermost/focalboard/server/model/block.go:185.2,185.21 1 0
github.com/mattermost/focalboard/server/model/block.go:185.21,187.3 1 0
github.com/mattermost/focalboard/server/model/block.go:189.2,189.19 1 0
github.com/mattermost/focalboard/server/model/block.go:189.19,191.3 1 0
github.com/mattermost/focalboard/server/model/block.go:193.2,193.20 1 0
github.com/mattermost/focalboard/server/model/block.go:193.20,195.3 1 0
github.com/mattermost/focalboard/server/model/block.go:197.2,197.42 1 0
github.com/mattermost/focalboard/server/model/block.go:197.42,199.3 1 0
github.com/mattermost/focalboard/server/model/block.go:201.2,201.38 1 0
github.com/mattermost/focalboard/server/model/block.go:201.38,203.3 1 0
github.com/mattermost/focalboard/server/model/block.go:205.2,205.14 1 0
github.com/mattermost/focalboard/server/model/block.go:247.88,248.26 1 1
github.com/mattermost/focalboard/server/model/block.go:248.26,250.3 1 0
github.com/mattermost/focalboard/server/model/block.go:252.2,253.24 2 1
github.com/mattermost/focalboard/server/model/block.go:253.24,257.22 3 1
github.com/mattermost/focalboard/server/model/block.go:257.22,259.4 1 0
github.com/mattermost/focalboard/server/model/block.go:263.64,266.2 1 0
github.com/mattermost/focalboard/server/model/block.go:270.37,285.43 2 0
github.com/mattermost/focalboard/server/model/block.go:285.43,289.3 1 0
github.com/mattermost/focalboard/server/model/block.go:291.2,291.17 1 0
github.com/mattermost/focalboard/server/model/blockid.go:15.74,18.31 3 1
github.com/mattermost/focalboard/server/model/blockid.go:18.31,19.39 1 1
github.com/mattermost/focalboard/server/model/blockid.go:19.39,21.4 1 1
github.com/mattermost/focalboard/server/model/blockid.go:23.3,23.48 1 1
github.com/mattermost/focalboard/server/model/blockid.go:23.48,25.4 1 1
github.com/mattermost/focalboard/server/model/blockid.go:26.3,26.49 1 1
github.com/mattermost/focalboard/server/model/blockid.go:26.49,28.4 1 1
github.com/mattermost/focalboard/server/model/blockid.go:30.3,30.48 1 1
github.com/mattermost/focalboard/server/model/blockid.go:30.48,32.15 2 1
github.com/mattermost/focalboard/server/model/blockid.go:32.15,40.13 2 0
github.com/mattermost/focalboard/server/model/blockid.go:43.4,43.41 1 1
github.com/mattermost/focalboard/server/model/blockid.go:43.41,44.32 1 1
github.com/mattermost/focalboard/server/model/blockid.go:45.24,46.38 1 1
github.com/mattermost/focalboard/server/model/blockid.go:46.38,48.7 1 1
github.com/mattermost/focalboard/server/model/blockid.go:49.17,50.28 1 1
github.com/mattermost/focalboard/server/model/blockid.go:51.13,51.13 0 0
github.com/mattermost/focalboard/server/model/blockid.go:56.3,56.53 1 1
github.com/mattermost/focalboard/server/model/blockid.go:56.53,58.15 2 1
github.com/mattermost/focalboard/server/model/blockid.go:58.15,66.13 2 0
github.com/mattermost/focalboard/server/model/blockid.go:68.4,68.42 1 1
github.com/mattermost/focalboard/server/model/blockid.go:72.2,73.38 2 1
github.com/mattermost/focalboard/server/model/blockid.go:73.38,74.41 1 1
github.com/mattermost/focalboard/server/model/blockid.go:74.41,75.25 1 1
github.com/mattermost/focalboard/server/model/blockid.go:75.25,77.13 2 1
github.com/mattermost/focalboard/server/model/blockid.go:82.2,82.47 1 1
github.com/mattermost/focalboard/server/model/blockid.go:82.47,83.39 1 1
github.com/mattermost/focalboard/server/model/blockid.go:83.39,85.4 1 1
github.com/mattermost/focalboard/server/model/blockid.go:86.3,86.12 1 1
github.com/mattermost/focalboard/server/model/blockid.go:89.2,89.47 1 1
github.com/mattermost/focalboard/server/model/blockid.go:89.47,90.39 1 1
github.com/mattermost/focalboard/server/model/blockid.go:90.39,92.4 1 1
github.com/mattermost/focalboard/server/model/blockid.go:93.3,93.53 1 1
github.com/mattermost/focalboard/server/model/blockid.go:96.2,97.31 2 1
github.com/mattermost/focalboard/server/model/blockid.go:97.31,103.51 5 1
github.com/mattermost/focalboard/server/model/blockid.go:103.51,105.4 1 1
github.com/mattermost/focalboard/server/model/blockid.go:107.3,107.48 1 1
github.com/mattermost/focalboard/server/model/blockid.go:107.48,109.4 1 0
github.com/mattermost/focalboard/server/model/blockid.go:111.3,111.56 1 1
github.com/mattermost/focalboard/server/model/blockid.go:111.56,113.15 2 1
github.com/mattermost/focalboard/server/model/blockid.go:113.15,121.5 1 0
github.com/mattermost/focalboard/server/model/blockid.go:121.10,123.5 1 1
github.com/mattermost/focalboard/server/model/blockid.go:126.3,126.26 1 1
github.com/mattermost/focalboard/server/model/blockid.go:129.2,129.18 1 1
github.com/mattermost/focalboard/server/model/blockid.go:132.115,134.13 2 1
github.com/mattermost/focalboard/server/model/blockid.go:134.13,143.3 1 0
github.com/mattermost/focalboard/server/model/blockid.go:143.8,144.24 1 1
github.com/mattermost/focalboard/server/model/blockid.go:144.24,145.32 1 1
github.com/mattermost/focalboard/server/model/blockid.go:146.16,147.37 1 1
github.com/mattermost/focalboard/server/model/blockid.go:148.23,150.22 2 1
github.com/mattermost/focalboard/server/model/blockid.go:150.22,152.6 1 1
github.com/mattermost/focalboard/server/model/blocktype.go:29.37,31.2 1 0
github.com/mattermost/focalboard/server/model/blocktype.go:34.55,35.28 1 0
github.com/mattermost/focalboard/server/model/blocktype.go:36.15,37.24 1 0
github.com/mattermost/focalboard/server/model/blocktype.go:38.14,39.23 1 0
github.com/mattermost/focalboard/server/model/blocktype.go:40.14,41.23 1 0
github.com/mattermost/focalboard/server/model/blocktype.go:42.14,43.23 1 0
github.com/mattermost/focalboard/server/model/blocktype.go:44.18,45.27 1 0
github.com/mattermost/focalboard/server/model/blocktype.go:46.17,47.26 1 0
github.com/mattermost/focalboard/server/model/blocktype.go:48.15,49.24 1 0
github.com/mattermost/focalboard/server/model/blocktype.go:50.20,51.29 1 0
github.com/mattermost/focalboard/server/model/blocktype.go:52.17,53.26 1 0
github.com/mattermost/focalboard/server/model/blocktype.go:55.2,55.44 1 0
github.com/mattermost/focalboard/server/model/blocktype.go:59.57,60.19 1 1
github.com/mattermost/focalboard/server/model/blocktype.go:61.17,62.27 1 0
github.com/mattermost/focalboard/server/model/blocktype.go:63.16,64.26 1 1
github.com/mattermost/focalboard/server/model/blocktype.go:65.16,66.26 1 1
github.com/mattermost/focalboard/server/model/blocktype.go:67.56,68.27 1 1
github.com/mattermost/focalboard/server/model/blocktype.go:69.33,70.32 1 0
github.com/mattermost/focalboard/server/model/blocktype.go:72.2,72.25 1 1
github.com/mattermost/focalboard/server/model/blocktype.go:80.45,82.2 1 0
github.com/mattermost/focalboard/server/model/blocktype.go:85.44,88.2 2 0
github.com/mattermost/focalboard/server/model/board.go:110.68,112.9 2 0
github.com/mattermost/focalboard/server/model/board.go:112.9,114.3 1 0
github.com/mattermost/focalboard/server/model/board.go:116.2,117.9 2 0
github.com/mattermost/focalboard/server/model/board.go:117.9,119.3 1 0
github.com/mattermost/focalboard/server/model/board.go:120.2,120.15 1 0
github.com/mattermost/focalboard/server/model/board.go:235.43,239.2 3 0
github.com/mattermost/focalboard/server/model/board.go:241.46,245.2 3 0
github.com/mattermost/focalboard/server/model/board.go:247.55,251.2 3 0
github.com/mattermost/focalboard/server/model/board.go:253.58,257.2 3 0
github.com/mattermost/focalboard/server/model/board.go:259.59,263.2 3 0
github.com/mattermost/focalboard/server/model/board.go:266.49,267.19 1 0
github.com/mattermost/focalboard/server/model/board.go:267.19,269.3 1 0
github.com/mattermost/focalboard/server/model/board.go:271.2,271.20 1 0
github.com/mattermost/focalboard/server/model/board.go:271.20,273.3 1 0
github.com/mattermost/focalboard/server/model/board.go:275.2,275.26 1 0
github.com/mattermost/focalboard/server/model/board.go:275.26,277.3 1 0
github.com/mattermost/focalboard/server/model/board.go:279.2,279.26 1 0
github.com/mattermost/focalboard/server/model/board.go:279.26,281.3 1 0
github.com/mattermost/focalboard/server/model/board.go:283.2,283.19 1 0
github.com/mattermost/focalboard/server/model/board.go:283.19,285.3 1 0
github.com/mattermost/focalboard/server/model/board.go:287.2,287.30 1 0
github.com/mattermost/focalboard/server/model/board.go:287.30,289.3 1 0
github.com/mattermost/focalboard/server/model/board.go:291.2,291.24 1 0
github.com/mattermost/focalboard/server/model/board.go:291.24,293.3 1 0
github.com/mattermost/focalboard/server/model/board.go:295.2,295.49 1 0
github.com/mattermost/focalboard/server/model/board.go:295.49,297.3 1 0
github.com/mattermost/focalboard/server/model/board.go:299.2,299.42 1 0
github.com/mattermost/focalboard/server/model/board.go:299.42,301.3 1 0
github.com/mattermost/focalboard/server/model/board.go:303.2,303.76 1 0
github.com/mattermost/focalboard/server/model/board.go:303.76,307.45 3 0
github.com/mattermost/focalboard/server/model/board.go:307.45,309.11 2 0
github.com/mattermost/focalboard/server/model/board.go:309.11,311.13 1 0
github.com/mattermost/focalboard/server/model/board.go:314.4,315.35 2 0
github.com/mattermost/focalboard/server/model/board.go:319.3,319.54 1 0
github.com/mattermost/focalboard/server/model/board.go:319.54,321.4 1 0
github.com/mattermost/focalboard/server/model/board.go:325.3,325.51 1 0
github.com/mattermost/focalboard/server/model/board.go:325.51,327.11 2 0
github.com/mattermost/focalboard/server/model/board.go:327.11,329.13 1 0
github.com/mattermost/focalboard/server/model/board.go:332.4,333.15 2 0
github.com/mattermost/focalboard/server/model/board.go:333.15,335.5 1 0
github.com/mattermost/focalboard/server/model/board.go:336.4,336.33 1 0
github.com/mattermost/focalboard/server/model/board.go:340.3,341.32 2 0
github.com/mattermost/focalboard/server/model/board.go:341.32,343.14 2 0
github.com/mattermost/focalboard/server/model/board.go:343.14,345.5 1 0
github.com/mattermost/focalboard/server/model/board.go:348.3,348.43 1 0
github.com/mattermost/focalboard/server/model/board.go:351.2,351.14 1 0
github.com/mattermost/focalboard/server/model/board.go:354.41,356.2 1 0
github.com/mattermost/focalboard/server/model/board.go:358.48,360.2 1 0
github.com/mattermost/focalboard/server/model/board.go:362.38,363.49 1 0
github.com/mattermost/focalboard/server/model/board.go:363.49,365.3 1 0
github.com/mattermost/focalboard/server/model/board.go:367.2,367.70 1 0
github.com/mattermost/focalboard/server/model/board.go:367.70,369.3 1 0
github.com/mattermost/focalboard/server/model/board.go:371.2,371.12 1 0
github.com/mattermost/focalboard/server/model/board.go:378.43,380.2 1 0
github.com/mattermost/focalboard/server/model/board.go:382.33,383.20 1 0
github.com/mattermost/focalboard/server/model/board.go:383.20,385.3 1 0
github.com/mattermost/focalboard/server/model/board.go:387.2,387.31 1 0
github.com/mattermost/focalboard/server/model/board.go:387.31,389.3 1 0
github.com/mattermost/focalboard/server/model/board.go:391.2,391.45 1 0
github.com/mattermost/focalboard/server/model/board.go:391.45,393.3 1 0
github.com/mattermost/focalboard/server/model/board.go:395.2,395.12 1 0
github.com/mattermost/focalboard/server/model/board.go:418.73,419.15 1 0
github.com/mattermost/focalboard/server/model/board.go:420.37,421.36 1 0
github.com/mattermost/focalboard/server/model/board.go:422.44,423.43 1 0
github.com/mattermost/focalboard/server/model/board.go:425.2,425.57 1 0
github.com/mattermost/focalboard/server/model/boards_and_blocks.go:24.56,26.2 1 0
github.com/mattermost/focalboard/server/model/boards_and_blocks.go:41.45,42.26 1 1
github.com/mattermost/focalboard/server/model/boards_and_blocks.go:42.26,44.3 1 1
github.com/mattermost/focalboard/server/model/boards_and_blocks.go:46.2,46.26 1 1
github.com/mattermost/focalboard/server/model/boards_and_blocks.go:46.26,48.3 1 1
github.com/mattermost/focalboard/server/model/boards_and_blocks.go:50.2,51.35 2 1
github.com/mattermost/focalboard/server/model/boards_and_blocks.go:51.35,53.3 1 1
github.com/mattermost/focalboard/server/model/boards_and_blocks.go:55.2,55.35 1 1
github.com/mattermost/focalboard/server/model/boards_and_blocks.go:55.35,56.45 1 1
github.com/mattermost/focalboard/server/model/boards_and_blocks.go:56.45,58.4 1 1
github.com/mattermost/focalboard/server/model/boards_and_blocks.go:60.2,60.12 1 1
github.com/mattermost/focalboard/server/model/boards_and_blocks.go:76.85,80.36 3 0
github.com/mattermost/focalboard/server/model/boards_and_blocks.go:80.36,82.3 1 0
github.com/mattermost/focalboard/server/model/boards_and_blocks.go:83.2,83.36 1 0
github.com/mattermost/focalboard/server/model/boards_and_blocks.go:83.36,85.3 1 0
github.com/mattermost/focalboard/server/model/boards_and_blocks.go:86.2,89.3 1 0
github.com/mattermost/focalboard/server/model/boards_and_blocks.go:92.52,93.27 1 0
github.com/mattermost/focalboard/server/model/boards_and_blocks.go:93.27,95.3 1 0
github.com/mattermost/focalboard/server/model/boards_and_blocks.go:97.2,97.12 1 0
github.com/mattermost/focalboard/server/model/boards_and_blocks.go:121.51,122.29 1 1
github.com/mattermost/focalboard/server/model/boards_and_blocks.go:122.29,124.3 1 1
github.com/mattermost/focalboard/server/model/boards_and_blocks.go:126.2,126.50 1 1
github.com/mattermost/focalboard/server/model/boards_and_blocks.go:126.50,128.3 1 1
github.com/mattermost/focalboard/server/model/boards_and_blocks.go:130.2,130.50 1 1
github.com/mattermost/focalboard/server/model/boards_and_blocks.go:130.50,132.3 1 1
github.com/mattermost/focalboard/server/model/boards_and_blocks.go:134.2,134.12 1 1
github.com/mattermost/focalboard/server/model/boards_and_blocks.go:137.106,138.38 1 1
github.com/mattermost/focalboard/server/model/boards_and_blocks.go:138.38,140.3 1 1
github.com/mattermost/focalboard/server/model/boards_and_blocks.go:142.2,143.35 2 1
github.com/mattermost/focalboard/server/model/boards_and_blocks.go:143.35,145.3 1 1
github.com/mattermost/focalboard/server/model/boards_and_blocks.go:147.2,149.35 3 1
github.com/mattermost/focalboard/server/model/boards_and_blocks.go:149.35,151.49 2 1
github.com/mattermost/focalboard/server/model/boards_and_blocks.go:151.49,154.4 2 1
github.com/mattermost/focalboard/server/model/boards_and_blocks.go:156.3,157.33 2 1
github.com/mattermost/focalboard/server/model/boards_and_blocks.go:160.2,165.20 2 1
github.com/mattermost/focalboard/server/model/boards_and_blocks.go:168.63,172.2 3 0
github.com/mattermost/focalboard/server/model/card.go:17.51,21.2 1 0
github.com/mattermost/focalboard/server/model/card.go:23.40,25.2 1 0
github.com/mattermost/focalboard/server/model/card.go:33.45,35.2 1 0
github.com/mattermost/focalboard/server/model/card.go:90.27,91.16 1 1
github.com/mattermost/focalboard/server/model/card.go:91.16,93.3 1 0
github.com/mattermost/focalboard/server/model/card.go:94.2,94.27 1 1
github.com/mattermost/focalboard/server/model/card.go:94.27,96.3 1 0
github.com/mattermost/focalboard/server/model/card.go:97.2,97.25 1 1
github.com/mattermost/focalboard/server/model/card.go:97.25,99.3 1 0
github.com/mattermost/focalboard/server/model/card.go:100.2,101.21 2 1
github.com/mattermost/focalboard/server/model/card.go:101.21,103.3 1 0
github.com/mattermost/focalboard/server/model/card.go:104.2,104.21 1 1
github.com/mattermost/focalboard/server/model/card.go:104.21,106.3 1 0
github.com/mattermost/focalboard/server/model/card.go:109.52,112.2 2 0
github.com/mattermost/focalboard/server/model/card.go:115.35,116.16 1 0
github.com/mattermost/focalboard/server/model/card.go:116.16,118.3 1 0
github.com/mattermost/focalboard/server/model/card.go:119.2,119.21 1 0
github.com/mattermost/focalboard/server/model/card.go:119.21,121.3 1 0
github.com/mattermost/focalboard/server/model/card.go:122.2,122.27 1 0
github.com/mattermost/focalboard/server/model/card.go:122.27,124.3 1 0
github.com/mattermost/focalboard/server/model/card.go:125.2,125.45 1 0
github.com/mattermost/focalboard/server/model/card.go:125.45,127.3 1 0
github.com/mattermost/focalboard/server/model/card.go:128.2,128.25 1 0
github.com/mattermost/focalboard/server/model/card.go:128.25,130.3 1 0
github.com/mattermost/focalboard/server/model/card.go:131.2,131.21 1 0
github.com/mattermost/focalboard/server/model/card.go:131.21,133.3 1 0
github.com/mattermost/focalboard/server/model/card.go:134.2,134.21 1 0
github.com/mattermost/focalboard/server/model/card.go:134.21,136.3 1 0
github.com/mattermost/focalboard/server/model/card.go:137.2,137.12 1 0
github.com/mattermost/focalboard/server/model/card.go:161.45,162.20 1 0
github.com/mattermost/focalboard/server/model/card.go:162.20,164.3 1 0
github.com/mattermost/focalboard/server/model/card.go:166.2,166.27 1 0
github.com/mattermost/focalboard/server/model/card.go:166.27,168.3 1 0
github.com/mattermost/focalboard/server/model/card.go:170.2,170.19 1 0
github.com/mattermost/focalboard/server/model/card.go:170.19,172.3 1 0
github.com/mattermost/focalboard/server/model/card.go:174.2,174.28 1 0
github.com/mattermost/focalboard/server/model/card.go:174.28,176.3 1 0
github.com/mattermost/focalboard/server/model/card.go:180.2,180.51 1 0
github.com/mattermost/focalboard/server/model/card.go:180.51,182.3 1 0
github.com/mattermost/focalboard/server/model/card.go:184.2,184.13 1 0
github.com/mattermost/focalboard/server/model/card.go:188.40,189.63 1 0
github.com/mattermost/focalboard/server/model/card.go:189.63,191.3 1 0
github.com/mattermost/focalboard/server/model/card.go:192.2,192.12 1 0
github.com/mattermost/focalboard/server/model/card.go:196.36,218.2 6 0
github.com/mattermost/focalboard/server/model/card.go:221.46,222.28 1 1
github.com/mattermost/focalboard/server/model/card.go:222.28,224.3 1 1
github.com/mattermost/focalboard/server/model/card.go:226.2,231.48 5 1
github.com/mattermost/focalboard/server/model/card.go:231.48,232.27 1 1
github.com/mattermost/focalboard/server/model/card.go:233.14,234.28 1 1
github.com/mattermost/focalboard/server/model/card.go:234.28,235.35 1 1
github.com/mattermost/focalboard/server/model/card.go:235.35,237.6 1 1
github.com/mattermost/focalboard/server/model/card.go:237.11,239.6 1 0
github.com/mattermost/focalboard/server/model/card.go:241.17,242.47 1 0
github.com/mattermost/focalboard/server/model/card.go:243.11,244.51 1 0
github.com/mattermost/focalboard/server/model/card.go:248.2,248.45 1 1
github.com/mattermost/focalboard/server/model/card.go:248.45,249.37 1 1
github.com/mattermost/focalboard/server/model/card.go:249.37,251.4 1 1
github.com/mattermost/focalboard/server/model/card.go:251.9,253.4 1 0
github.com/mattermost/focalboard/server/model/card.go:256.2,256.57 1 1
github.com/mattermost/focalboard/server/model/card.go:256.57,257.40 1 1
github.com/mattermost/focalboard/server/model/card.go:257.40,259.4 1 1
github.com/mattermost/focalboard/server/model/card.go:259.9,261.4 1 0
github.com/mattermost/focalboard/server/model/card.go:264.2,264.49 1 1
github.com/mattermost/focalboard/server/model/card.go:264.49,265.48 1 1
github.com/mattermost/focalboard/server/model/card.go:265.48,266.30 1 1
github.com/mattermost/focalboard/server/model/card.go:266.30,268.5 1 1
github.com/mattermost/focalboard/server/model/card.go:269.9,271.4 1 0
github.com/mattermost/focalboard/server/model/card.go:274.2,289.18 3 1
github.com/mattermost/focalboard/server/model/card.go:293.70,294.47 1 0
github.com/mattermost/focalboard/server/model/card.go:294.47,296.3 1 0
github.com/mattermost/focalboard/server/model/card.go:298.2,304.35 3 0
github.com/mattermost/focalboard/server/model/card.go:304.35,306.3 1 0
github.com/mattermost/focalboard/server/model/card.go:307.2,307.27 1 0
github.com/mattermost/focalboard/server/model/card.go:307.27,309.3 1 0
github.com/mattermost/focalboard/server/model/card.go:311.2,312.48 2 0
github.com/mattermost/focalboard/server/model/card.go:312.48,314.3 1 0
github.com/mattermost/focalboard/server/model/card.go:316.2,316.26 1 0
github.com/mattermost/focalboard/server/model/card.go:316.26,318.3 1 0
github.com/mattermost/focalboard/server/model/card.go:320.2,322.24 2 0
github.com/mattermost/focalboard/server/model/category.go:65.30,66.16 1 0
github.com/mattermost/focalboard/server/model/category.go:66.16,68.3 1 0
github.com/mattermost/focalboard/server/model/category.go:70.2,70.21 1 0
github.com/mattermost/focalboard/server/model/category.go:70.21,72.3 1 0
github.com/mattermost/focalboard/server/model/category.go:74.2,74.21 1 0
github.com/mattermost/focalboard/server/model/category.go:74.21,76.3 1 0
github.com/mattermost/focalboard/server/model/category.go:78.2,78.21 1 0
github.com/mattermost/focalboard/server/model/category.go:78.21,80.3 1 0
github.com/mattermost/focalboard/server/model/category.go:82.2,82.37 1 0
github.com/mattermost/focalboard/server/model/category.go:82.37,84.3 1 0
github.com/mattermost/focalboard/server/model/category.go:87.36,88.35 1 0
github.com/mattermost/focalboard/server/model/category.go:88.35,90.3 1 0
github.com/mattermost/focalboard/server/model/category.go:92.2,92.37 1 0
github.com/mattermost/focalboard/server/model/category.go:92.37,94.3 1 0
github.com/mattermost/focalboard/server/model/category.go:96.2,96.39 1 0
github.com/mattermost/focalboard/server/model/category.go:96.39,98.3 1 0
github.com/mattermost/focalboard/server/model/category.go:100.2,100.39 1 0
github.com/mattermost/focalboard/server/model/category.go:100.39,102.3 1 0
github.com/mattermost/focalboard/server/model/category.go:104.2,104.66 1 0
github.com/mattermost/focalboard/server/model/category.go:104.66,106.3 1 0
github.com/mattermost/focalboard/server/model/category.go:108.2,108.12 1 0
github.com/mattermost/focalboard/server/model/category.go:111.49,115.2 3 0
github.com/mattermost/focalboard/server/model/error.go:38.49,42.2 1 0
github.com/mattermost/focalboard/server/model/error.go:44.39,46.2 1 0
github.com/mattermost/focalboard/server/model/error.go:56.75,61.2 1 0
github.com/mattermost/focalboard/server/model/error.go:63.43,65.2 1 0
github.com/mattermost/focalboard/server/model/error.go:74.53,78.2 1 0
github.com/mattermost/focalboard/server/model/error.go:80.41,82.2 1 0
github.com/mattermost/focalboard/server/model/error.go:91.57,95.2 1 0
github.com/mattermost/focalboard/server/model/error.go:97.43,99.2 1 0
github.com/mattermost/focalboard/server/model/error.go:108.53,112.2 1 0
github.com/mattermost/focalboard/server/model/error.go:114.41,116.2 1 0
github.com/mattermost/focalboard/server/model/error.go:125.51,129.2 1 0
github.com/mattermost/focalboard/server/model/error.go:131.40,133.2 1 0
github.com/mattermost/focalboard/server/model/error.go:139.60,143.2 1 0
github.com/mattermost/focalboard/server/model/error.go:145.45,147.2 1 0
github.com/mattermost/focalboard/server/model/error.go:153.58,157.2 1 0
github.com/mattermost/focalboard/server/model/error.go:159.45,161.2 1 0
github.com/mattermost/focalboard/server/model/error.go:172.38,173.16 1 0
github.com/mattermost/focalboard/server/model/error.go:173.16,175.3 1 0
github.com/mattermost/focalboard/server/model/error.go:178.2,179.25 2 0
github.com/mattermost/focalboard/server/model/error.go:179.25,181.3 1 0
github.com/mattermost/focalboard/server/model/error.go:184.2,184.42 1 0
github.com/mattermost/focalboard/server/model/error.go:184.42,186.3 1 0
github.com/mattermost/focalboard/server/model/error.go:189.2,190.25 2 0
github.com/mattermost/focalboard/server/model/error.go:190.25,192.3 1 0
github.com/mattermost/focalboard/server/model/error.go:195.2,196.25 2 0
github.com/mattermost/focalboard/server/model/error.go:196.25,198.3 1 0
github.com/mattermost/focalboard/server/model/error.go:201.2,201.47 1 0
github.com/mattermost/focalboard/server/model/error.go:201.47,203.3 1 0
github.com/mattermost/focalboard/server/model/error.go:206.2,206.40 1 0
github.com/mattermost/focalboard/server/model/error.go:206.40,208.3 1 0
github.com/mattermost/focalboard/server/model/error.go:211.2,211.52 1 0
github.com/mattermost/focalboard/server/model/error.go:211.52,213.3 1 0
github.com/mattermost/focalboard/server/model/error.go:216.2,216.56 1 0
github.com/mattermost/focalboard/server/model/error.go:221.40,222.16 1 0
github.com/mattermost/focalboard/server/model/error.go:222.16,224.3 1 0
github.com/mattermost/focalboard/server/model/error.go:227.2,228.27 2 0
github.com/mattermost/focalboard/server/model/error.go:236.37,237.16 1 0
github.com/mattermost/focalboard/server/model/error.go:237.16,239.3 1 0
github.com/mattermost/focalboard/server/model/error.go:242.2,243.24 2 0
github.com/mattermost/focalboard/server/model/error.go:243.24,245.3 1 0
github.com/mattermost/focalboard/server/model/error.go:248.2,249.24 2 0
github.com/mattermost/focalboard/server/model/error.go:249.24,251.3 1 0
github.com/mattermost/focalboard/server/model/error.go:254.2,254.49 1 0
github.com/mattermost/focalboard/server/model/error.go:254.49,256.3 1 0
github.com/mattermost/focalboard/server/model/error.go:259.2,259.52 1 0
github.com/mattermost/focalboard/server/model/error.go:268.36,269.16 1 0
github.com/mattermost/focalboard/server/model/error.go:269.16,271.3 1 0
github.com/mattermost/focalboard/server/model/error.go:274.2,275.25 2 0
github.com/mattermost/focalboard/server/model/error.go:275.25,277.3 1 0
github.com/mattermost/focalboard/server/model/error.go:280.2,281.26 2 0
github.com/mattermost/focalboard/server/model/error.go:281.26,283.3 1 0
github.com/mattermost/focalboard/server/model/error.go:286.2,286.35 1 0
github.com/mattermost/focalboard/server/model/error.go:286.35,288.3 1 0
github.com/mattermost/focalboard/server/model/error.go:291.2,291.43 1 0
github.com/mattermost/focalboard/server/model/error.go:291.43,293.3 1 0
github.com/mattermost/focalboard/server/model/error.go:296.2,297.29 2 0
github.com/mattermost/focalboard/server/model/error.go:297.29,298.47 1 0
github.com/mattermost/focalboard/server/model/error.go:298.47,300.4 1 0
github.com/mattermost/focalboard/server/model/error.go:304.2,304.43 1 0
github.com/mattermost/focalboard/server/model/error.go:309.49,312.2 1 0
github.com/mattermost/focalboard/server/model/error.go:317.42,318.16 1 0
github.com/mattermost/focalboard/server/model/error.go:318.16,320.3 1 0
github.com/mattermost/focalboard/server/model/error.go:323.2,324.26 2 0
github.com/mattermost/focalboard/server/model/error.go:324.26,326.3 1 0
github.com/mattermost/focalboard/server/model/error.go:329.2,329.47 1 0
github.com/mattermost/focalboard/server/model/file.go:14.50,25.2 3 0
github.com/mattermost/focalboard/server/model/import_export.go:59.86,64.2 1 0
github.com/mattermost/focalboard/server/model/import_export.go:66.54,68.2 1 0
github.com/mattermost/focalboard/server/model/import_export.go:78.91,83.2 1 0
github.com/mattermost/focalboard/server/model/import_export.go:85.55,87.2 1 0
github.com/mattermost/focalboard/server/model/notification.go:33.44,34.14 1 0
github.com/mattermost/focalboard/server/model/notification.go:34.14,36.3 1 0
github.com/mattermost/focalboard/server/model/notification.go:37.2,37.21 1 0
github.com/mattermost/focalboard/server/model/notification.go:37.21,39.3 1 0
github.com/mattermost/focalboard/server/model/notification.go:40.2,40.23 1 0
github.com/mattermost/focalboard/server/model/notification.go:40.23,42.3 1 0
github.com/mattermost/focalboard/server/model/notification.go:43.2,43.26 1 0
github.com/mattermost/focalboard/server/model/notification.go:43.26,45.3 1 0
github.com/mattermost/focalboard/server/model/notification.go:46.2,46.12 1 0
github.com/mattermost/focalboard/server/model/notification.go:49.53,57.2 1 0
github.com/mattermost/focalboard/server/model/notification.go:59.51,73.2 1 0
github.com/mattermost/focalboard/server/model/notification.go:79.52,81.2 1 0
github.com/mattermost/focalboard/server/model/properties.go:63.87,64.17 1 1
github.com/mattermost/focalboard/server/model/properties.go:65.16,68.10 2 0
github.com/mattermost/focalboard/server/model/properties.go:68.10,70.4 1 0
github.com/mattermost/focalboard/server/model/properties.go:71.3,72.10 2 0
github.com/mattermost/focalboard/server/model/properties.go:72.10,74.4 1 0
github.com/mattermost/focalboard/server/model/properties.go:75.3,75.41 1 0
github.com/mattermost/focalboard/server/model/properties.go:77.14,80.10 2 0
github.com/mattermost/focalboard/server/model/properties.go:80.10,82.4 1 0
github.com/mattermost/focalboard/server/model/properties.go:83.3,83.28 1 0
github.com/mattermost/focalboard/server/model/properties.go:85.16,88.10 2 0
github.com/mattermost/focalboard/server/model/properties.go:88.10,90.4 1 0
github.com/mattermost/focalboard/server/model/properties.go:91.3,91.22 1 0
github.com/mattermost/focalboard/server/model/properties.go:91.22,93.18 2 0
github.com/mattermost/focalboard/server/model/properties.go:93.18,95.5 1 0
github.com/mattermost/focalboard/server/model/properties.go:96.4,96.19 1 0
github.com/mattermost/focalboard/server/model/properties.go:96.19,98.5 1 0
github.com/mattermost/focalboard/server/model/properties.go:99.4,99.29 1 0
github.com/mattermost/focalboard/server/model/properties.go:101.3,101.21 1 0
github.com/mattermost/focalboard/server/model/properties.go:103.21,106.10 2 1
github.com/mattermost/focalboard/server/model/properties.go:106.10,108.4 1 0
github.com/mattermost/focalboard/server/model/properties.go:109.3,109.22 1 1
github.com/mattermost/focalboard/server/model/properties.go:109.22,112.44 2 1
github.com/mattermost/focalboard/server/model/properties.go:112.44,116.19 3 1
github.com/mattermost/focalboard/server/model/properties.go:116.19,118.6 1 0
github.com/mattermost/focalboard/server/model/properties.go:119.5,119.20 1 1
github.com/mattermost/focalboard/server/model/properties.go:119.20,121.6 1 1
github.com/mattermost/focalboard/server/model/properties.go:121.11,123.6 1 1
github.com/mattermost/focalboard/server/model/properties.go:126.4,126.45 1 1
github.com/mattermost/focalboard/server/model/properties.go:129.21,132.10 2 0
github.com/mattermost/focalboard/server/model/properties.go:132.10,134.4 1 0
github.com/mattermost/focalboard/server/model/properties.go:135.3,137.28 3 0
github.com/mattermost/focalboard/server/model/properties.go:137.28,139.11 2 0
github.com/mattermost/focalboard/server/model/properties.go:139.11,141.5 1 0
github.com/mattermost/focalboard/server/model/properties.go:142.4,143.11 2 0
github.com/mattermost/focalboard/server/model/properties.go:143.11,145.5 1 0
github.com/mattermost/focalboard/server/model/properties.go:146.4,148.46 3 0
github.com/mattermost/focalboard/server/model/properties.go:150.3,150.26 1 0
github.com/mattermost/focalboard/server/model/properties.go:152.2,152.34 1 0
github.com/mattermost/focalboard/server/model/properties.go:155.55,159.54 2 0
github.com/mattermost/focalboard/server/model/properties.go:159.54,161.3 1 0
github.com/mattermost/focalboard/server/model/properties.go:162.2,163.9 2 0
github.com/mattermost/focalboard/server/model/properties.go:163.9,165.3 1 0
github.com/mattermost/focalboard/server/model/properties.go:166.2,168.8 3 0
github.com/mattermost/focalboard/server/model/properties.go:168.8,170.3 1 0
github.com/mattermost/focalboard/server/model/properties.go:171.2,171.18 1 0
github.com/mattermost/focalboard/server/model/properties.go:178.60,181.44 2 1
github.com/mattermost/focalboard/server/model/properties.go:181.44,190.9 3 1
github.com/mattermost/focalboard/server/model/properties.go:190.9,192.11 2 1
github.com/mattermost/focalboard/server/model/properties.go:192.11,194.5 1 0
github.com/mattermost/focalboard/server/model/properties.go:195.4,195.38 1 1
github.com/mattermost/focalboard/server/model/properties.go:195.38,197.12 2 1
github.com/mattermost/focalboard/server/model/properties.go:197.12,199.6 1 0
github.com/mattermost/focalboard/server/model/properties.go:200.5,206.27 2 1
github.com/mattermost/focalboard/server/model/properties.go:209.3,209.21 1 1
github.com/mattermost/focalboard/server/model/properties.go:211.2,211.20 1 1
github.com/mattermost/focalboard/server/model/properties.go:214.64,216.9 2 1
github.com/mattermost/focalboard/server/model/properties.go:216.9,218.3 1 0
github.com/mattermost/focalboard/server/model/properties.go:220.2,221.9 2 1
github.com/mattermost/focalboard/server/model/properties.go:221.9,223.3 1 0
github.com/mattermost/focalboard/server/model/properties.go:224.2,224.10 1 1
github.com/mattermost/focalboard/server/model/properties.go:229.108,232.18 2 0
github.com/mattermost/focalboard/server/model/properties.go:232.18,234.3 1 0
github.com/mattermost/focalboard/server/model/properties.go:237.2,238.9 2 0
github.com/mattermost/focalboard/server/model/properties.go:238.9,240.3 1 0
github.com/mattermost/focalboard/server/model/properties.go:242.2,243.9 2 0
github.com/mattermost/focalboard/server/model/properties.go:243.9,245.3 1 0
github.com/mattermost/focalboard/server/model/properties.go:247.2,247.26 1 0
github.com/mattermost/focalboard/server/model/properties.go:247.26,249.3 1 0
github.com/mattermost/focalboard/server/model/properties.go:251.2,251.31 1 0
github.com/mattermost/focalboard/server/model/properties.go:251.31,261.9 4 0
github.com/mattermost/focalboard/server/model/properties.go:261.9,263.18 2 0
github.com/mattermost/focalboard/server/model/properties.go:263.18,265.5 1 0
github.com/mattermost/focalboard/server/model/properties.go:266.4,268.26 3 0
github.com/mattermost/focalboard/server/model/properties.go:270.3,270.18 1 0
github.com/mattermost/focalboard/server/model/properties.go:272.2,272.19 1 0
github.com/mattermost/focalboard/server/model/sharing.go:32.46,36.2 3 0
github.com/mattermost/focalboard/server/model/subscription.go:15.41,16.12 1 0
github.com/mattermost/focalboard/server/model/subscription.go:17.35,18.14 1 0
github.com/mattermost/focalboard/server/model/subscription.go:20.2,20.14 1 0
github.com/mattermost/focalboard/server/model/subscription.go:55.40,56.14 1 0
github.com/mattermost/focalboard/server/model/subscription.go:56.14,58.3 1 0
github.com/mattermost/focalboard/server/model/subscription.go:59.2,59.21 1 0
github.com/mattermost/focalboard/server/model/subscription.go:59.21,61.3 1 0
github.com/mattermost/focalboard/server/model/subscription.go:62.2,62.23 1 0
github.com/mattermost/focalboard/server/model/subscription.go:62.23,64.3 1 0
github.com/mattermost/focalboard/server/model/subscription.go:65.2,65.26 1 0
github.com/mattermost/focalboard/server/model/subscription.go:65.26,67.3 1 0
github.com/mattermost/focalboard/server/model/subscription.go:68.2,68.33 1 0
github.com/mattermost/focalboard/server/model/subscription.go:68.33,70.3 1 0
github.com/mattermost/focalboard/server/model/subscription.go:71.2,71.12 1 0
github.com/mattermost/focalboard/server/model/subscription.go:74.66,76.68 2 0
github.com/mattermost/focalboard/server/model/subscription.go:76.68,78.3 1 0
github.com/mattermost/focalboard/server/model/subscription.go:79.2,79.27 1 0
github.com/mattermost/focalboard/server/model/subscription.go:86.48,88.2 1 0
github.com/mattermost/focalboard/server/model/team.go:36.41,40.2 3 0
github.com/mattermost/focalboard/server/model/team.go:42.44,46.2 3 0
github.com/mattermost/focalboard/server/model/user.go:97.50,99.60 2 0
github.com/mattermost/focalboard/server/model/user.go:99.60,101.3 1 0
github.com/mattermost/focalboard/server/model/user.go:102.2,102.19 1 0
github.com/mattermost/focalboard/server/model/user.go:105.50,109.44 3 0
github.com/mattermost/focalboard/server/model/user.go:109.44,111.3 1 0
github.com/mattermost/focalboard/server/model/user.go:112.2,112.47 1 0
github.com/mattermost/focalboard/server/model/user.go:112.47,115.3 2 0
github.com/mattermost/focalboard/server/model/util.go:13.24,15.2 1 1
github.com/mattermost/focalboard/server/model/util.go:18.49,20.2 1 0
github.com/mattermost/focalboard/server/model/util.go:23.47,25.2 1 0
github.com/mattermost/focalboard/server/model/version.go:61.45,69.2 1 0
github.com/mattermost/focalboard/server/model/auth.go:16.48,20.2 1 1
github.com/mattermost/focalboard/server/model/auth.go:26.40,28.2 1 1
github.com/mattermost/focalboard/server/model/auth.go:63.68,65.60 2 1
github.com/mattermost/focalboard/server/model/auth.go:65.60,67.3 1 1
github.com/mattermost/focalboard/server/model/auth.go:68.2,68.19 1 1
github.com/mattermost/focalboard/server/model/auth.go:91.44,92.42 1 1
github.com/mattermost/focalboard/server/model/auth.go:92.42,94.3 1 1
github.com/mattermost/focalboard/server/model/auth.go:95.2,95.39 1 1
github.com/mattermost/focalboard/server/model/auth.go:95.39,97.3 1 1
github.com/mattermost/focalboard/server/model/auth.go:98.2,98.34 1 1
github.com/mattermost/focalboard/server/model/auth.go:98.34,100.3 1 1
github.com/mattermost/focalboard/server/model/auth.go:101.2,101.23 1 1
github.com/mattermost/focalboard/server/model/auth.go:101.23,103.3 1 1
github.com/mattermost/focalboard/server/model/auth.go:104.2,104.37 1 1
github.com/mattermost/focalboard/server/model/auth.go:120.50,121.26 1 1
github.com/mattermost/focalboard/server/model/auth.go:121.26,123.3 1 1
github.com/mattermost/focalboard/server/model/auth.go:124.2,124.26 1 1
github.com/mattermost/focalboard/server/model/auth.go:124.26,126.3 1 1
github.com/mattermost/focalboard/server/model/auth.go:127.2,127.40 1 1
github.com/mattermost/focalboard/server/model/auth.go:130.45,131.43 1 1
github.com/mattermost/focalboard/server/model/auth.go:131.43,133.3 1 1
github.com/mattermost/focalboard/server/model/auth.go:134.2,134.12 1 1
github.com/mattermost/focalboard/server/model/block.go:135.46,139.2 3 1
github.com/mattermost/focalboard/server/model/block.go:143.33,144.21 1 1
github.com/mattermost/focalboard/server/model/block.go:144.21,146.3 1 1
github.com/mattermost/focalboard/server/model/block.go:148.2,148.58 1 1
github.com/mattermost/focalboard/server/model/block.go:148.58,150.3 1 1
github.com/mattermost/focalboard/server/model/block.go:152.2,153.16 2 1
github.com/mattermost/focalboard/server/model/block.go:153.16,155.3 1 1
github.com/mattermost/focalboard/server/model/block.go:157.2,157.70 1 1
github.com/mattermost/focalboard/server/model/block.go:157.70,159.3 1 1
github.com/mattermost/focalboard/server/model/block.go:161.2,161.12 1 1
github.com/mattermost/focalboard/server/model/block.go:165.40,177.2 1 1
github.com/mattermost/focalboard/server/model/block.go:180.49,181.23 1 1
github.com/mattermost/focalboard/server/model/block.go:181.23,183.3 1 1
github.com/mattermost/focalboard/server/model/block.go:185.2,185.21 1 1
github.com/mattermost/focalboard/server/model/block.go:185.21,187.3 1 1
github.com/mattermost/focalboard/server/model/block.go:189.2,189.19 1 1
github.com/mattermost/focalboard/server/model/block.go:189.19,191.3 1 1
github.com/mattermost/focalboard/server/model/block.go:193.2,193.20 1 1
github.com/mattermost/focalboard/server/model/block.go:193.20,195.3 1 1
github.com/mattermost/focalboard/server/model/block.go:197.2,197.42 1 1
github.com/mattermost/focalboard/server/model/block.go:197.42,199.3 1 1
github.com/mattermost/focalboard/server/model/block.go:201.2,201.38 1 1
github.com/mattermost/focalboard/server/model/block.go:201.38,203.3 1 1
github.com/mattermost/focalboard/server/model/block.go:205.2,205.14 1 1
github.com/mattermost/focalboard/server/model/block.go:247.88,248.26 1 1
github.com/mattermost/focalboard/server/model/block.go:248.26,250.3 1 1
github.com/mattermost/focalboard/server/model/block.go:252.2,253.24 2 1
github.com/mattermost/focalboard/server/model/block.go:253.24,257.22 3 1
github.com/mattermost/focalboard/server/model/block.go:257.22,259.4 1 1
github.com/mattermost/focalboard/server/model/block.go:263.64,266.2 1 1
github.com/mattermost/focalboard/server/model/block.go:270.37,285.43 2 1
github.com/mattermost/focalboard/server/model/block.go:285.43,289.3 1 1
github.com/mattermost/focalboard/server/model/block.go:291.2,291.17 1 1
github.com/mattermost/focalboard/server/model/blockid.go:15.74,18.31 3 1
github.com/mattermost/focalboard/server/model/blockid.go:18.31,19.39 1 1
github.com/mattermost/focalboard/server/model/blockid.go:19.39,21.4 1 1
github.com/mattermost/focalboard/server/model/blockid.go:23.3,23.48 1 1
github.com/mattermost/focalboard/server/model/blockid.go:23.48,25.4 1 1
github.com/mattermost/focalboard/server/model/blockid.go:26.3,26.49 1 1
github.com/mattermost/focalboard/server/model/blockid.go:26.49,28.4 1 1
github.com/mattermost/focalboard/server/model/blockid.go:30.3,30.48 1 1
github.com/mattermost/focalboard/server/model/blockid.go:30.48,32.15 2 1
github.com/mattermost/focalboard/server/model/blockid.go:32.15,40.13 2 1
github.com/mattermost/focalboard/server/model/blockid.go:43.4,43.41 1 1
github.com/mattermost/focalboard/server/model/blockid.go:43.41,44.32 1 1
github.com/mattermost/focalboard/server/model/blockid.go:45.24,46.38 1 1
github.com/mattermost/focalboard/server/model/blockid.go:46.38,48.7 1 1
github.com/mattermost/focalboard/server/model/blockid.go:49.17,50.28 1 1
github.com/mattermost/focalboard/server/model/blockid.go:51.13,51.13 0 0
github.com/mattermost/focalboard/server/model/blockid.go:56.3,56.53 1 1
github.com/mattermost/focalboard/server/model/blockid.go:56.53,58.15 2 1
github.com/mattermost/focalboard/server/model/blockid.go:58.15,66.13 2 1
github.com/mattermost/focalboard/server/model/blockid.go:68.4,68.42 1 0
github.com/mattermost/focalboard/server/model/blockid.go:72.2,73.38 2 1
github.com/mattermost/focalboard/server/model/blockid.go:73.38,74.41 1 1
github.com/mattermost/focalboard/server/model/blockid.go:74.41,75.25 1 1
github.com/mattermost/focalboard/server/model/blockid.go:75.25,77.13 2 1
github.com/mattermost/focalboard/server/model/blockid.go:82.2,82.47 1 1
github.com/mattermost/focalboard/server/model/blockid.go:82.47,83.39 1 1
github.com/mattermost/focalboard/server/model/blockid.go:83.39,85.4 1 1
github.com/mattermost/focalboard/server/model/blockid.go:86.3,86.12 1 1
github.com/mattermost/focalboard/server/model/blockid.go:89.2,89.47 1 1
github.com/mattermost/focalboard/server/model/blockid.go:89.47,90.39 1 1
github.com/mattermost/focalboard/server/model/blockid.go:90.39,92.4 1 1
github.com/mattermost/focalboard/server/model/blockid.go:93.3,93.53 1 1
github.com/mattermost/focalboard/server/model/blockid.go:96.2,97.31 2 1
github.com/mattermost/focalboard/server/model/blockid.go:97.31,103.51 5 1
github.com/mattermost/focalboard/server/model/blockid.go:103.51,105.4 1 1
github.com/mattermost/focalboard/server/model/blockid.go:107.3,107.48 1 1
github.com/mattermost/focalboard/server/model/blockid.go:107.48,109.4 1 1
github.com/mattermost/focalboard/server/model/blockid.go:111.3,111.56 1 1
github.com/mattermost/focalboard/server/model/blockid.go:111.56,113.15 2 1
github.com/mattermost/focalboard/server/model/blockid.go:113.15,121.5 1 1
github.com/mattermost/focalboard/server/model/blockid.go:121.10,123.5 1 0
github.com/mattermost/focalboard/server/model/blockid.go:126.3,126.26 1 1
github.com/mattermost/focalboard/server/model/blockid.go:129.2,129.18 1 1
github.com/mattermost/focalboard/server/model/blockid.go:132.115,134.13 2 1
github.com/mattermost/focalboard/server/model/blockid.go:134.13,143.3 1 1
github.com/mattermost/focalboard/server/model/blockid.go:143.8,144.24 1 1
github.com/mattermost/focalboard/server/model/blockid.go:144.24,145.32 1 1
github.com/mattermost/focalboard/server/model/blockid.go:146.16,147.37 1 1
github.com/mattermost/focalboard/server/model/blockid.go:148.23,150.22 2 1
github.com/mattermost/focalboard/server/model/blockid.go:150.22,152.6 1 1
github.com/mattermost/focalboard/server/model/blocktype.go:29.37,31.2 1 1
github.com/mattermost/focalboard/server/model/blocktype.go:34.55,35.28 1 1
github.com/mattermost/focalboard/server/model/blocktype.go:36.15,37.24 1 1
github.com/mattermost/focalboard/server/model/blocktype.go:38.14,39.23 1 1
github.com/mattermost/focalboard/server/model/blocktype.go:40.14,41.23 1 1
github.com/mattermost/focalboard/server/model/blocktype.go:42.14,43.23 1 1
github.com/mattermost/focalboard/server/model/blocktype.go:44.18,45.27 1 1
github.com/mattermost/focalboard/server/model/blocktype.go:46.17,47.26 1 1
github.com/mattermost/focalboard/server/model/blocktype.go:48.15,49.24 1 1
github.com/mattermost/focalboard/server/model/blocktype.go:50.20,51.29 1 1
github.com/mattermost/focalboard/server/model/blocktype.go:52.17,53.26 1 1
github.com/mattermost/focalboard/server/model/blocktype.go:55.2,55.44 1 1
github.com/mattermost/focalboard/server/model/blocktype.go:59.57,60.19 1 1
github.com/mattermost/focalboard/server/model/blocktype.go:61.17,62.27 1 1
github.com/mattermost/focalboard/server/model/blocktype.go:63.16,64.26 1 1
github.com/mattermost/focalboard/server/model/blocktype.go:65.16,66.26 1 1
github.com/mattermost/focalboard/server/model/blocktype.go:67.56,68.27 1 1
github.com/mattermost/focalboard/server/model/blocktype.go:69.33,70.32 1 1
github.com/mattermost/focalboard/server/model/blocktype.go:72.2,72.25 1 1
github.com/mattermost/focalboard/server/model/blocktype.go:80.45,82.2 1 1
github.com/mattermost/focalboard/server/model/blocktype.go:85.44,88.2 2 1
github.com/mattermost/focalboard/server/model/board.go:110.68,112.9 2 1
github.com/mattermost/focalboard/server/model/board.go:112.9,114.3 1 1
github.com/mattermost/focalboard/server/model/board.go:116.2,117.9 2 1
github.com/mattermost/focalboard/server/model/board.go:117.9,119.3 1 1
github.com/mattermost/focalboard/server/model/board.go:120.2,120.15 1 1
github.com/mattermost/focalboard/server/model/board.go:235.43,239.2 3 1
github.com/mattermost/focalboard/server/model/board.go:241.46,245.2 3 1
github.com/mattermost/focalboard/server/model/board.go:247.55,251.2 3 1
github.com/mattermost/focalboard/server/model/board.go:253.58,257.2 3 1
github.com/mattermost/focalboard/server/model/board.go:259.59,263.2 3 1
github.com/mattermost/focalboard/server/model/board.go:266.49,267.19 1 1
github.com/mattermost/focalboard/server/model/board.go:267.19,269.3 1 1
github.com/mattermost/focalboard/server/model/board.go:271.2,271.20 1 1
github.com/mattermost/focalboard/server/model/board.go:271.20,273.3 1 1
github.com/mattermost/focalboard/server/model/board.go:275.2,275.26 1 1
github.com/mattermost/focalboard/server/model/board.go:275.26,277.3 1 1
github.com/mattermost/focalboard/server/model/board.go:279.2,279.26 1 1
github.com/mattermost/focalboard/server/model/board.go:279.26,281.3 1 1
github.com/mattermost/focalboard/server/model/board.go:283.2,283.19 1 1
github.com/mattermost/focalboard/server/model/board.go:283.19,285.3 1 1
github.com/mattermost/focalboard/server/model/board.go:287.2,287.30 1 1
github.com/mattermost/focalboard/server/model/board.go:287.30,289.3 1 1
github.com/mattermost/focalboard/server/model/board.go:291.2,291.24 1 1
github.com/mattermost/focalboard/server/model/board.go:291.24,293.3 1 1
github.com/mattermost/focalboard/server/model/board.go:295.2,295.49 1 1
github.com/mattermost/focalboard/server/model/board.go:295.49,297.3 1 1
github.com/mattermost/focalboard/server/model/board.go:299.2,299.42 1 1
github.com/mattermost/focalboard/server/model/board.go:299.42,301.3 1 1
github.com/mattermost/focalboard/server/model/board.go:303.2,303.76 1 1
github.com/mattermost/focalboard/server/model/board.go:303.76,307.45 3 1
github.com/mattermost/focalboard/server/model/board.go:307.45,309.11 2 1
github.com/mattermost/focalboard/server/model/board.go:309.11,311.13 1 1
github.com/mattermost/focalboard/server/model/board.go:314.4,315.35 2 1
github.com/mattermost/focalboard/server/model/board.go:319.3,319.54 1 1
github.com/mattermost/focalboard/server/model/board.go:319.54,321.4 1 1
github.com/mattermost/focalboard/server/model/board.go:325.3,325.51 1 1
github.com/mattermost/focalboard/server/model/board.go:325.51,327.11 2 1
github.com/mattermost/focalboard/server/model/board.go:327.11,329.13 1 1
github.com/mattermost/focalboard/server/model/board.go:332.4,333.15 2 1
github.com/mattermost/focalboard/server/model/board.go:333.15,335.5 1 1
github.com/mattermost/focalboard/server/model/board.go:336.4,336.33 1 1
github.com/mattermost/focalboard/server/model/board.go:340.3,341.32 2 1
github.com/mattermost/focalboard/server/model/board.go:341.32,343.14 2 1
github.com/mattermost/focalboard/server/model/board.go:343.14,345.5 1 1
github.com/mattermost/focalboard/server/model/board.go:348.3,348.43 1 1
github.com/mattermost/focalboard/server/model/board.go:351.2,351.14 1 1
github.com/mattermost/focalboard/server/model/board.go:354.41,356.2 1 1
github.com/mattermost/focalboard/server/model/board.go:358.48,360.2 1 1
github.com/mattermost/focalboard/server/model/board.go:362.38,363.49 1 1
github.com/mattermost/focalboard/server/model/board.go:363.49,365.3 1 1
github.com/mattermost/focalboard/server/model/board.go:367.2,367.70 1 1
github.com/mattermost/focalboard/server/model/board.go:367.70,369.3 1 1
github.com/mattermost/focalboard/server/model/board.go:371.2,371.12 1 1
github.com/mattermost/focalboard/server/model/board.go:378.43,380.2 1 1
github.com/mattermost/focalboard/server/model/board.go:382.33,383.20 1 1
github.com/mattermost/focalboard/server/model/board.go:383.20,385.3 1 1
github.com/mattermost/focalboard/server/model/board.go:387.2,387.31 1 1
github.com/mattermost/focalboard/server/model/board.go:387.31,389.3 1 1
github.com/mattermost/focalboard/server/model/board.go:391.2,391.45 1 1
github.com/mattermost/focalboard/server/model/board.go:391.45,393.3 1 1
github.com/mattermost/focalboard/server/model/board.go:395.2,395.12 1 1
github.com/mattermost/focalboard/server/model/board.go:418.73,419.15 1 1
github.com/mattermost/focalboard/server/model/board.go:420.37,421.36 1 1
github.com/mattermost/focalboard/server/model/board.go:422.44,423.43 1 1
github.com/mattermost/focalboard/server/model/board.go:425.2,425.57 1 1
github.com/mattermost/focalboard/server/model/boards_and_blocks.go:24.56,26.2 1 1
github.com/mattermost/focalboard/server/model/boards_and_blocks.go:41.45,42.26 1 1
github.com/mattermost/focalboard/server/model/boards_and_blocks.go:42.26,44.3 1 1
github.com/mattermost/focalboard/server/model/boards_and_blocks.go:46.2,46.26 1 1
github.com/mattermost/focalboard/server/model/boards_and_blocks.go:46.26,48.3 1 1
github.com/mattermost/focalboard/server/model/boards_and_blocks.go:50.2,51.35 2 1
github.com/mattermost/focalboard/server/model/boards_and_blocks.go:51.35,53.3 1 1
github.com/mattermost/focalboard/server/model/boards_and_blocks.go:55.2,55.35 1 1
github.com/mattermost/focalboard/server/model/boards_and_blocks.go:55.35,56.45 1 1
github.com/mattermost/focalboard/server/model/boards_and_blocks.go:56.45,58.4 1 1
github.com/mattermost/focalboard/server/model/boards_and_blocks.go:60.2,60.12 1 1
github.com/mattermost/focalboard/server/model/boards_and_blocks.go:76.85,80.36 3 1
github.com/mattermost/focalboard/server/model/boards_and_blocks.go:80.36,82.3 1 1
github.com/mattermost/focalboard/server/model/boards_and_blocks.go:83.2,83.36 1 1
github.com/mattermost/focalboard/server/model/boards_and_blocks.go:83.36,85.3 1 1
github.com/mattermost/focalboard/server/model/boards_and_blocks.go:86.2,89.3 1 1
github.com/mattermost/focalboard/server/model/boards_and_blocks.go:92.52,93.27 1 1
github.com/mattermost/focalboard/server/model/boards_and_blocks.go:93.27,95.3 1 1
github.com/mattermost/focalboard/server/model/boards_and_blocks.go:97.2,97.12 1 1
github.com/mattermost/focalboard/server/model/boards_and_blocks.go:121.51,122.29 1 1
github.com/mattermost/focalboard/server/model/boards_and_blocks.go:122.29,124.3 1 1
github.com/mattermost/focalboard/server/model/boards_and_blocks.go:126.2,126.50 1 1
github.com/mattermost/focalboard/server/model/boards_and_blocks.go:126.50,128.3 1 1
github.com/mattermost/focalboard/server/model/boards_and_blocks.go:130.2,130.50 1 1
github.com/mattermost/focalboard/server/model/boards_and_blocks.go:130.50,132.3 1 1
github.com/mattermost/focalboard/server/model/boards_and_blocks.go:134.2,134.12 1 1
github.com/mattermost/focalboard/server/model/boards_and_blocks.go:137.106,138.38 1 1
github.com/mattermost/focalboard/server/model/boards_and_blocks.go:138.38,140.3 1 1
github.com/mattermost/focalboard/server/model/boards_and_blocks.go:142.2,143.35 2 1
github.com/mattermost/focalboard/server/model/boards_and_blocks.go:143.35,145.3 1 1
github.com/mattermost/focalboard/server/model/boards_and_blocks.go:147.2,149.35 3 1
github.com/mattermost/focalboard/server/model/boards_and_blocks.go:149.35,151.49 2 1
github.com/mattermost/focalboard/server/model/boards_and_blocks.go:151.49,154.4 2 1
github.com/mattermost/focalboard/server/model/boards_and_blocks.go:156.3,157.33 2 1
github.com/mattermost/focalboard/server/model/boards_and_blocks.go:160.2,165.20 2 1
github.com/mattermost/focalboard/server/model/boards_and_blocks.go:168.63,172.2 3 1
github.com/mattermost/focalboard/server/model/card.go:17.51,21.2 1 1
github.com/mattermost/focalboard/server/model/card.go:23.40,25.2 1 1
github.com/mattermost/focalboard/server/model/card.go:33.45,35.2 1 1
github.com/mattermost/focalboard/server/model/card.go:90.27,91.16 1 1
github.com/mattermost/focalboard/server/model/card.go:91.16,93.3 1 1
github.com/mattermost/focalboard/server/model/card.go:94.2,94.27 1 1
github.com/mattermost/focalboard/server/model/card.go:94.27,96.3 1 1
github.com/mattermost/focalboard/server/model/card.go:97.2,97.25 1 1
github.com/mattermost/focalboard/server/model/card.go:97.25,99.3 1 1
github.com/mattermost/focalboard/server/model/card.go:100.2,101.21 2 1
github.com/mattermost/focalboard/server/model/card.go:101.21,103.3 1 1
github.com/mattermost/focalboard/server/model/card.go:104.2,104.21 1 1
github.com/mattermost/focalboard/server/model/card.go:104.21,106.3 1 1
github.com/mattermost/focalboard/server/model/card.go:109.52,112.2 2 1
github.com/mattermost/focalboard/server/model/card.go:115.35,116.16 1 1
github.com/mattermost/focalboard/server/model/card.go:116.16,118.3 1 1
github.com/mattermost/focalboard/server/model/card.go:119.2,119.21 1 1
github.com/mattermost/focalboard/server/model/card.go:119.21,121.3 1 1
github.com/mattermost/focalboard/server/model/card.go:122.2,122.27 1 1
github.com/mattermost/focalboard/server/model/card.go:122.27,124.3 1 1
github.com/mattermost/focalboard/server/model/card.go:125.2,125.45 1 1
github.com/mattermost/focalboard/server/model/card.go:125.45,127.3 1 1
github.com/mattermost/focalboard/server/model/card.go:128.2,128.25 1 1
github.com/mattermost/focalboard/server/model/card.go:128.25,130.3 1 1
github.com/mattermost/focalboard/server/model/card.go:131.2,131.21 1 1
github.com/mattermost/focalboard/server/model/card.go:131.21,133.3 1 1
github.com/mattermost/focalboard/server/model/card.go:134.2,134.21 1 1
github.com/mattermost/focalboard/server/model/card.go:134.21,136.3 1 1
github.com/mattermost/focalboard/server/model/card.go:137.2,137.12 1 1
github.com/mattermost/focalboard/server/model/card.go:161.45,162.20 1 1
github.com/mattermost/focalboard/server/model/card.go:162.20,164.3 1 1
github.com/mattermost/focalboard/server/model/card.go:166.2,166.27 1 1
github.com/mattermost/focalboard/server/model/card.go:166.27,168.3 1 1
github.com/mattermost/focalboard/server/model/card.go:170.2,170.19 1 1
github.com/mattermost/focalboard/server/model/card.go:170.19,172.3 1 1
github.com/mattermost/focalboard/server/model/card.go:174.2,174.28 1 1
github.com/mattermost/focalboard/server/model/card.go:174.28,176.3 1 1
github.com/mattermost/focalboard/server/model/card.go:180.2,180.51 1 1
github.com/mattermost/focalboard/server/model/card.go:180.51,182.3 1 1
github.com/mattermost/focalboard/server/model/card.go:184.2,184.13 1 1
github.com/mattermost/focalboard/server/model/card.go:188.40,189.63 1 1
github.com/mattermost/focalboard/server/model/card.go:189.63,191.3 1 1
github.com/mattermost/focalboard/server/model/card.go:192.2,192.12 1 1
github.com/mattermost/focalboard/server/model/card.go:196.36,218.2 6 1
github.com/mattermost/focalboard/server/model/card.go:221.46,222.28 1 1
github.com/mattermost/focalboard/server/model/card.go:222.28,224.3 1 1
github.com/mattermost/focalboard/server/model/card.go:226.2,231.48 5 1
github.com/mattermost/focalboard/server/model/card.go:231.48,232.27 1 1
github.com/mattermost/focalboard/server/model/card.go:233.14,234.28 1 1
github.com/mattermost/focalboard/server/model/card.go:234.28,235.35 1 1
github.com/mattermost/focalboard/server/model/card.go:235.35,237.6 1 1
github.com/mattermost/focalboard/server/model/card.go:237.11,239.6 1 1
github.com/mattermost/focalboard/server/model/card.go:241.17,242.47 1 1
github.com/mattermost/focalboard/server/model/card.go:243.11,244.51 1 1
github.com/mattermost/focalboard/server/model/card.go:248.2,248.45 1 1
github.com/mattermost/focalboard/server/model/card.go:248.45,249.37 1 1
github.com/mattermost/focalboard/server/model/card.go:249.37,251.4 1 1
github.com/mattermost/focalboard/server/model/card.go:251.9,253.4 1 1
github.com/mattermost/focalboard/server/model/card.go:256.2,256.57 1 1
github.com/mattermost/focalboard/server/model/card.go:256.57,257.40 1 1
github.com/mattermost/focalboard/server/model/card.go:257.40,259.4 1 1
github.com/mattermost/focalboard/server/model/card.go:259.9,261.4 1 1
github.com/mattermost/focalboard/server/model/card.go:264.2,264.49 1 1
github.com/mattermost/focalboard/server/model/card.go:264.49,265.48 1 1
github.com/mattermost/focalboard/server/model/card.go:265.48,266.30 1 1
github.com/mattermost/focalboard/server/model/card.go:266.30,268.5 1 1
github.com/mattermost/focalboard/server/model/card.go:269.9,271.4 1 1
github.com/mattermost/focalboard/server/model/card.go:274.2,289.18 3 1
github.com/mattermost/focalboard/server/model/card.go:293.70,294.47 1 1
github.com/mattermost/focalboard/server/model/card.go:294.47,296.3 1 1
github.com/mattermost/focalboard/server/model/card.go:298.2,304.35 3 1
github.com/mattermost/focalboard/server/model/card.go:304.35,306.3 1 1
github.com/mattermost/focalboard/server/model/card.go:307.2,307.27 1 1
github.com/mattermost/focalboard/server/model/card.go:307.27,309.3 1 1
github.com/mattermost/focalboard/server/model/card.go:311.2,312.48 2 1
github.com/mattermost/focalboard/server/model/card.go:312.48,314.3 1 1
github.com/mattermost/focalboard/server/model/card.go:316.2,316.26 1 1
github.com/mattermost/focalboard/server/model/card.go:316.26,318.3 1 1
github.com/mattermost/focalboard/server/model/card.go:320.2,322.24 2 1
github.com/mattermost/focalboard/server/model/category.go:65.30,66.16 1 1
github.com/mattermost/focalboard/server/model/category.go:66.16,68.3 1 1
github.com/mattermost/focalboard/server/model/category.go:70.2,70.21 1 1
github.com/mattermost/focalboard/server/model/category.go:70.21,72.3 1 1
github.com/mattermost/focalboard/server/model/category.go:74.2,74.21 1 1
github.com/mattermost/focalboard/server/model/category.go:74.21,76.3 1 1
github.com/mattermost/focalboard/server/model/category.go:78.2,78.21 1 1
github.com/mattermost/focalboard/server/model/category.go:78.21,80.3 1 1
github.com/mattermost/focalboard/server/model/category.go:82.2,82.37 1 1
github.com/mattermost/focalboard/server/model/category.go:82.37,84.3 1 1
github.com/mattermost/focalboard/server/model/category.go:87.36,88.35 1 1
github.com/mattermost/focalboard/server/model/category.go:88.35,90.3 1 0
github.com/mattermost/focalboard/server/model/category.go:92.2,92.37 1 1
github.com/mattermost/focalboard/server/model/category.go:92.37,94.3 1 1
github.com/mattermost/focalboard/server/model/category.go:96.2,96.39 1 1
github.com/mattermost/focalboard/server/model/category.go:96.39,98.3 1 0
github.com/mattermost/focalboard/server/model/category.go:100.2,100.39 1 1
github.com/mattermost/focalboard/server/model/category.go:100.39,102.3 1 0
github.com/mattermost/focalboard/server/model/category.go:104.2,104.66 1 1
github.com/mattermost/focalboard/server/model/category.go:104.66,106.3 1 1
github.com/mattermost/focalboard/server/model/category.go:108.2,108.12 1 1
github.com/mattermost/focalboard/server/model/category.go:111.49,115.2 3 1
github.com/mattermost/focalboard/server/model/error.go:38.49,42.2 1 1
github.com/mattermost/focalboard/server/model/error.go:44.39,46.2 1 1
github.com/mattermost/focalboard/server/model/error.go:56.75,61.2 1 1
github.com/mattermost/focalboard/server/model/error.go:63.43,65.2 1 1
github.com/mattermost/focalboard/server/model/error.go:74.53,78.2 1 1
github.com/mattermost/focalboard/server/model/error.go:80.41,82.2 1 1
github.com/mattermost/focalboard/server/model/error.go:91.57,95.2 1 1
github.com/mattermost/focalboard/server/model/error.go:97.43,99.2 1 1
github.com/mattermost/focalboard/server/model/error.go:108.53,112.2 1 1
github.com/mattermost/focalboard/server/model/error.go:114.41,116.2 1 1
github.com/mattermost/focalboard/server/model/error.go:125.51,129.2 1 1
github.com/mattermost/focalboard/server/model/error.go:131.40,133.2 1 1
github.com/mattermost/focalboard/server/model/error.go:139.60,143.2 1 1
github.com/mattermost/focalboard/server/model/error.go:145.45,147.2 1 1
github.com/mattermost/focalboard/server/model/error.go:153.58,157.2 1 1
github.com/mattermost/focalboard/server/model/error.go:159.45,161.2 1 1
github.com/mattermost/focalboard/server/model/error.go:172.38,173.16 1 1
github.com/mattermost/focalboard/server/model/error.go:173.16,175.3 1 1
github.com/mattermost/focalboard/server/model/error.go:178.2,179.25 2 1
github.com/mattermost/focalboard/server/model/error.go:179.25,181.3 1 1
github.com/mattermost/focalboard/server/model/error.go:184.2,184.42 1 1
github.com/mattermost/focalboard/server/model/error.go:184.42,186.3 1 1
github.com/mattermost/focalboard/server/model/error.go:189.2,190.25 2 1
github.com/mattermost/focalboard/server/model/error.go:190.25,192.3 1 1
github.com/mattermost/focalboard/server/model/error.go:195.2,196.25 2 1
github.com/mattermost/focalboard/server/model/error.go:196.25,198.3 1 1
github.com/mattermost/focalboard/server/model/error.go:201.2,201.47 1 1
github.com/mattermost/focalboard/server/model/error.go:201.47,203.3 1 1
github.com/mattermost/focalboard/server/model/error.go:206.2,206.40 1 1
github.com/mattermost/focalboard/server/model/error.go:206.40,208.3 1 1
github.com/mattermost/focalboard/server/model/error.go:211.2,211.52 1 1
github.com/mattermost/focalboard/server/model/error.go:211.52,213.3 1 1
github.com/mattermost/focalboard/server/model/error.go:216.2,216.56 1 1
github.com/mattermost/focalboard/server/model/error.go:221.40,222.16 1 1
github.com/mattermost/focalboard/server/model/error.go:222.16,224.3 1 1
github.com/mattermost/focalboard/server/model/error.go:227.2,228.27 2 1
github.com/mattermost/focalboard/server/model/error.go:236.37,237.16 1 1
github.com/mattermost/focalboard/server/model/error.go:237.16,239.3 1 1
github.com/mattermost/focalboard/server/model/error.go:242.2,243.24 2 1
github.com/mattermost/focalboard/server/model/error.go:243.24,245.3 1 1
github.com/mattermost/focalboard/server/model/error.go:248.2,249.24 2 1
github.com/mattermost/focalboard/server/model/error.go:249.24,251.3 1 1
github.com/mattermost/focalboard/server/model/error.go:254.2,254.49 1 1
github.com/mattermost/focalboard/server/model/error.go:254.49,256.3 1 1
github.com/mattermost/focalboard/server/model/error.go:259.2,259.52 1 1
github.com/mattermost/focalboard/server/model/error.go:268.36,269.16 1 1
github.com/mattermost/focalboard/server/model/error.go:269.16,271.3 1 1
github.com/mattermost/focalboard/server/model/error.go:274.2,275.25 2 1
github.com/mattermost/focalboard/server/model/error.go:275.25,277.3 1 1
github.com/mattermost/focalboard/server/model/error.go:280.2,281.26 2 1
github.com/mattermost/focalboard/server/model/error.go:281.26,283.3 1 1
github.com/mattermost/focalboard/server/model/error.go:286.2,286.35 1 1
github.com/mattermost/focalboard/server/model/error.go:286.35,288.3 1 1
github.com/mattermost/focalboard/server/model/error.go:291.2,291.43 1 1
github.com/mattermost/focalboard/server/model/error.go:291.43,293.3 1 1
github.com/mattermost/focalboard/server/model/error.go:296.2,297.29 2 1
github.com/mattermost/focalboard/server/model/error.go:297.29,298.47 1 1
github.com/mattermost/focalboard/server/model/error.go:298.47,300.4 1 1
github.com/mattermost/focalboard/server/model/error.go:304.2,304.43 1 1
github.com/mattermost/focalboard/server/model/error.go:309.49,312.2 1 1
github.com/mattermost/focalboard/server/model/error.go:317.42,318.16 1 1
github.com/mattermost/focalboard/server/model/error.go:318.16,320.3 1 1
github.com/mattermost/focalboard/server/model/error.go:323.2,324.26 2 1
github.com/mattermost/focalboard/server/model/error.go:324.26,326.3 1 1
github.com/mattermost/focalboard/server/model/error.go:329.2,329.47 1 1
github.com/mattermost/focalboard/server/model/file.go:14.50,25.2 3 1
github.com/mattermost/focalboard/server/model/import_export.go:59.86,64.2 1 0
github.com/mattermost/focalboard/server/model/import_export.go:66.54,68.2 1 0
github.com/mattermost/focalboard/server/model/import_export.go:78.91,83.2 1 0
github.com/mattermost/focalboard/server/model/import_export.go:85.55,87.2 1 0
github.com/mattermost/focalboard/server/model/notification.go:33.44,34.14 1 0
github.com/mattermost/focalboard/server/model/notification.go:34.14,36.3 1 0
github.com/mattermost/focalboard/server/model/notification.go:37.2,37.21 1 0
github.com/mattermost/focalboard/server/model/notification.go:37.21,39.3 1 0
github.com/mattermost/focalboard/server/model/notification.go:40.2,40.23 1 0
github.com/mattermost/focalboard/server/model/notification.go:40.23,42.3 1 0
github.com/mattermost/focalboard/server/model/notification.go:43.2,43.26 1 0
github.com/mattermost/focalboard/server/model/notification.go:43.26,45.3 1 0
github.com/mattermost/focalboard/server/model/notification.go:46.2,46.12 1 0
github.com/mattermost/focalboard/server/model/notification.go:49.53,57.2 1 0
github.com/mattermost/focalboard/server/model/notification.go:59.51,73.2 1 0
github.com/mattermost/focalboard/server/model/notification.go:79.52,81.2 1 0
github.com/mattermost/focalboard/server/model/properties.go:63.87,64.17 1 1
github.com/mattermost/focalboard/server/model/properties.go:65.16,68.10 2 1
github.com/mattermost/focalboard/server/model/properties.go:68.10,70.4 1 1
github.com/mattermost/focalboard/server/model/properties.go:71.3,72.10 2 1
github.com/mattermost/focalboard/server/model/properties.go:72.10,74.4 1 1
github.com/mattermost/focalboard/server/model/properties.go:75.3,75.41 1 1
github.com/mattermost/focalboard/server/model/properties.go:77.14,80.10 2 1
github.com/mattermost/focalboard/server/model/properties.go:80.10,82.4 1 1
github.com/mattermost/focalboard/server/model/properties.go:83.3,83.28 1 1
github.com/mattermost/focalboard/server/model/properties.go:85.16,88.10 2 1
github.com/mattermost/focalboard/server/model/properties.go:88.10,90.4 1 1
github.com/mattermost/focalboard/server/model/properties.go:91.3,91.22 1 1
github.com/mattermost/focalboard/server/model/properties.go:91.22,93.18 2 1
github.com/mattermost/focalboard/server/model/properties.go:93.18,95.5 1 1
github.com/mattermost/focalboard/server/model/properties.go:96.4,96.19 1 1
github.com/mattermost/focalboard/server/model/properties.go:96.19,98.5 1 1
github.com/mattermost/focalboard/server/model/properties.go:99.4,99.29 1 1
github.com/mattermost/focalboard/server/model/properties.go:101.3,101.21 1 1
github.com/mattermost/focalboard/server/model/properties.go:103.21,106.10 2 1
github.com/mattermost/focalboard/server/model/properties.go:106.10,108.4 1 1
github.com/mattermost/focalboard/server/model/properties.go:109.3,109.22 1 1
github.com/mattermost/focalboard/server/model/properties.go:109.22,112.44 2 1
github.com/mattermost/focalboard/server/model/properties.go:112.44,116.19 3 1
github.com/mattermost/focalboard/server/model/properties.go:116.19,118.6 1 1
github.com/mattermost/focalboard/server/model/properties.go:119.5,119.20 1 1
github.com/mattermost/focalboard/server/model/properties.go:119.20,121.6 1 1
github.com/mattermost/focalboard/server/model/properties.go:121.11,123.6 1 1
github.com/mattermost/focalboard/server/model/properties.go:126.4,126.45 1 1
github.com/mattermost/focalboard/server/model/properties.go:129.21,132.10 2 1
github.com/mattermost/focalboard/server/model/properties.go:132.10,134.4 1 1
github.com/mattermost/focalboard/server/model/properties.go:135.3,137.28 3 1
github.com/mattermost/focalboard/server/model/properties.go:137.28,139.11 2 1
github.com/mattermost/focalboard/server/model/properties.go:139.11,141.5 1 1
github.com/mattermost/focalboard/server/model/properties.go:142.4,143.11 2 1
github.com/mattermost/focalboard/server/model/properties.go:143.11,145.5 1 1
github.com/mattermost/focalboard/server/model/properties.go:146.4,148.46 3 1
github.com/mattermost/focalboard/server/model/properties.go:150.3,150.26 1 1
github.com/mattermost/focalboard/server/model/properties.go:152.2,152.34 1 1
github.com/mattermost/focalboard/server/model/properties.go:155.55,159.54 2 1
github.com/mattermost/focalboard/server/model/properties.go:159.54,161.3 1 1
github.com/mattermost/focalboard/server/model/properties.go:162.2,163.9 2 1
github.com/mattermost/focalboard/server/model/properties.go:163.9,165.3 1 1
github.com/mattermost/focalboard/server/model/properties.go:166.2,168.8 3 1
github.com/mattermost/focalboard/server/model/properties.go:168.8,170.3 1 1
github.com/mattermost/focalboard/server/model/properties.go:171.2,171.18 1 1
github.com/mattermost/focalboard/server/model/properties.go:178.60,181.44 2 1
github.com/mattermost/focalboard/server/model/properties.go:181.44,190.9 3 1
github.com/mattermost/focalboard/server/model/properties.go:190.9,192.11 2 1
github.com/mattermost/focalboard/server/model/properties.go:192.11,194.5 1 1
github.com/mattermost/focalboard/server/model/properties.go:195.4,195.38 1 1
github.com/mattermost/focalboard/server/model/properties.go:195.38,197.12 2 1
github.com/mattermost/focalboard/server/model/properties.go:197.12,199.6 1 1
github.com/mattermost/focalboard/server/model/properties.go:200.5,206.27 2 1
github.com/mattermost/focalboard/server/model/properties.go:209.3,209.21 1 1
github.com/mattermost/focalboard/server/model/properties.go:211.2,211.20 1 1
github.com/mattermost/focalboard/server/model/properties.go:214.64,216.9 2 1
github.com/mattermost/focalboard/server/model/properties.go:216.9,218.3 1 1
github.com/mattermost/focalboard/server/model/properties.go:220.2,221.9 2 1
github.com/mattermost/focalboard/server/model/properties.go:221.9,223.3 1 1
github.com/mattermost/focalboard/server/model/properties.go:224.2,224.10 1 1
github.com/mattermost/focalboard/server/model/properties.go:229.108,232.18 2 1
github.com/mattermost/focalboard/server/model/properties.go:232.18,234.3 1 1
github.com/mattermost/focalboard/server/model/properties.go:237.2,238.9 2 1
github.com/mattermost/focalboard/server/model/properties.go:238.9,240.3 1 1
github.com/mattermost/focalboard/server/model/properties.go:242.2,243.9 2 1
github.com/mattermost/focalboard/server/model/properties.go:243.9,245.3 1 1
github.com/mattermost/focalboard/server/model/properties.go:247.2,247.26 1 1
github.com/mattermost/focalboard/server/model/properties.go:247.26,249.3 1 1
github.com/mattermost/focalboard/server/model/properties.go:251.2,251.31 1 1
github.com/mattermost/focalboard/server/model/properties.go:251.31,261.9 4 1
github.com/mattermost/focalboard/server/model/properties.go:261.9,263.18 2 1
github.com/mattermost/focalboard/server/model/properties.go:263.18,265.5 1 1
github.com/mattermost/focalboard/server/model/properties.go:266.4,268.26 3 1
github.com/mattermost/focalboard/server/model/properties.go:270.3,270.18 1 1
github.com/mattermost/focalboard/server/model/properties.go:272.2,272.19 1 1
github.com/mattermost/focalboard/server/model/sharing.go:32.46,36.2 3 1
github.com/mattermost/focalboard/server/model/subscription.go:15.41,16.12 1 0
github.com/mattermost/focalboard/server/model/subscription.go:17.35,18.14 1 0
github.com/mattermost/focalboard/server/model/subscription.go:20.2,20.14 1 0
github.com/mattermost/focalboard/server/model/subscription.go:55.40,56.14 1 0
github.com/mattermost/focalboard/server/model/subscription.go:56.14,58.3 1 0
github.com/mattermost/focalboard/server/model/subscription.go:59.2,59.21 1 0
github.com/mattermost/focalboard/server/model/subscription.go:59.21,61.3 1 0
github.com/mattermost/focalboard/server/model/subscription.go:62.2,62.23 1 0
github.com/mattermost/focalboard/server/model/subscription.go:62.23,64.3 1 0
github.com/mattermost/focalboard/server/model/subscription.go:65.2,65.26 1 0
github.com/mattermost/focalboard/server/model/subscription.go:65.26,67.3 1 0
github.com/mattermost/focalboard/server/model/subscription.go:68.2,68.33 1 0
github.com/mattermost/focalboard/server/model/subscription.go:68.33,70.3 1 0
github.com/mattermost/focalboard/server/model/subscription.go:71.2,71.12 1 0
github.com/mattermost/focalboard/server/model/subscription.go:74.66,76.68 2 0
github.com/mattermost/focalboard/server/model/subscription.go:76.68,78.3 1 0
github.com/mattermost/focalboard/server/model/subscription.go:79.2,79.27 1 0
github.com/mattermost/focalboard/server/model/subscription.go:86.48,88.2 1 0
github.com/mattermost/focalboard/server/model/team.go:36.41,40.2 3 1
github.com/mattermost/focalboard/server/model/team.go:42.44,46.2 3 1
github.com/mattermost/focalboard/server/model/user.go:97.50,99.60 2 0
github.com/mattermost/focalboard/server/model/user.go:99.60,101.3 1 0
github.com/mattermost/focalboard/server/model/user.go:102.2,102.19 1 0
github.com/mattermost/focalboard/server/model/user.go:105.50,109.44 3 0
github.com/mattermost/focalboard/server/model/user.go:109.44,111.3 1 0
github.com/mattermost/focalboard/server/model/user.go:112.2,112.47 1 0
github.com/mattermost/focalboard/server/model/user.go:112.47,115.3 2 0
github.com/mattermost/focalboard/server/model/util.go:13.24,15.2 1 1
github.com/mattermost/focalboard/server/model/util.go:18.49,20.2 1 1
github.com/mattermost/focalboard/server/model/util.go:23.47,25.2 1 1
github.com/mattermost/focalboard/server/model/version.go:61.45,69.2 1 1
