mode: set
github.com/mattermost/focalboard/server/ws/plugin_adapter.go:59.118,73.2 1 1
github.com/mattermost/focalboard/server/ws/plugin_adapter.go:75.103,81.2 4 1
github.com/mattermost/focalboard/server/ws/plugin_adapter.go:83.85,88.2 3 1
github.com/mattermost/focalboard/server/ws/plugin_adapter.go:90.83,95.2 3 1
github.com/mattermost/focalboard/server/ws/plugin_adapter.go:97.85,102.2 3 1
github.com/mattermost/focalboard/server/ws/plugin_adapter.go:104.64,110.2 4 1
github.com/mattermost/focalboard/server/ws/plugin_adapter.go:112.67,117.33 3 0
github.com/mattermost/focalboard/server/ws/plugin_adapter.go:117.33,119.3 1 0
github.com/mattermost/focalboard/server/ws/plugin_adapter.go:122.2,122.35 1 0
github.com/mattermost/focalboard/server/ws/plugin_adapter.go:122.35,124.3 1 0
github.com/mattermost/focalboard/server/ws/plugin_adapter.go:127.2,128.60 2 0
github.com/mattermost/focalboard/server/ws/plugin_adapter.go:128.60,129.42 1 0
github.com/mattermost/focalboard/server/ws/plugin_adapter.go:129.42,131.4 1 0
github.com/mattermost/focalboard/server/ws/plugin_adapter.go:133.2,135.37 2 0
github.com/mattermost/focalboard/server/ws/plugin_adapter.go:138.64,139.54 1 1
github.com/mattermost/focalboard/server/ws/plugin_adapter.go:139.54,140.59 1 1
github.com/mattermost/focalboard/server/ws/plugin_adapter.go:140.59,142.4 1 0
github.com/mattermost/focalboard/server/ws/plugin_adapter.go:146.90,148.57 2 1
github.com/mattermost/focalboard/server/ws/plugin_adapter.go:148.57,149.42 1 1
github.com/mattermost/focalboard/server/ws/plugin_adapter.go:149.42,151.4 1 0
github.com/mattermost/focalboard/server/ws/plugin_adapter.go:153.2,157.33 4 1
github.com/mattermost/focalboard/server/ws/plugin_adapter.go:160.92,162.59 2 0
github.com/mattermost/focalboard/server/ws/plugin_adapter.go:162.59,163.42 1 0
github.com/mattermost/focalboard/server/ws/plugin_adapter.go:163.42,165.4 1 0
github.com/mattermost/focalboard/server/ws/plugin_adapter.go:167.2,171.35 4 0
github.com/mattermost/focalboard/server/ws/plugin_adapter.go:174.91,175.36 1 1
github.com/mattermost/focalboard/server/ws/plugin_adapter.go:175.36,177.3 1 0
github.com/mattermost/focalboard/server/ws/plugin_adapter.go:179.2,183.29 4 1
github.com/mattermost/focalboard/server/ws/plugin_adapter.go:186.95,187.37 1 1
github.com/mattermost/focalboard/server/ws/plugin_adapter.go:187.37,189.3 1 0
github.com/mattermost/focalboard/server/ws/plugin_adapter.go:191.2,191.40 1 1
github.com/mattermost/focalboard/server/ws/plugin_adapter.go:194.68,196.52 2 1
github.com/mattermost/focalboard/server/ws/plugin_adapter.go:196.52,197.21 1 1
github.com/mattermost/focalboard/server/ws/plugin_adapter.go:197.21,199.4 1 1
github.com/mattermost/focalboard/server/ws/plugin_adapter.go:202.2,203.30 2 1
github.com/mattermost/focalboard/server/ws/plugin_adapter.go:203.30,204.53 1 1
github.com/mattermost/focalboard/server/ws/plugin_adapter.go:204.53,206.4 1 1
github.com/mattermost/focalboard/server/ws/plugin_adapter.go:209.2,209.16 1 1
github.com/mattermost/focalboard/server/ws/plugin_adapter.go:212.110,214.52 2 1
github.com/mattermost/focalboard/server/ws/plugin_adapter.go:214.52,215.21 1 1
github.com/mattermost/focalboard/server/ws/plugin_adapter.go:215.21,217.4 1 1
github.com/mattermost/focalboard/server/ws/plugin_adapter.go:220.2,221.16 2 1
github.com/mattermost/focalboard/server/ws/plugin_adapter.go:221.16,228.3 2 0
github.com/mattermost/focalboard/server/ws/plugin_adapter.go:233.2,234.33 2 1
github.com/mattermost/focalboard/server/ws/plugin_adapter.go:234.33,235.31 1 1
github.com/mattermost/focalboard/server/ws/plugin_adapter.go:235.31,236.81 1 1
github.com/mattermost/focalboard/server/ws/plugin_adapter.go:236.81,238.5 1 1
github.com/mattermost/focalboard/server/ws/plugin_adapter.go:244.2,244.29 1 1
github.com/mattermost/focalboard/server/ws/plugin_adapter.go:244.29,246.3 1 1
github.com/mattermost/focalboard/server/ws/plugin_adapter.go:248.2,249.29 2 1
github.com/mattermost/focalboard/server/ws/plugin_adapter.go:249.29,251.3 1 1
github.com/mattermost/focalboard/server/ws/plugin_adapter.go:252.2,252.35 1 1
github.com/mattermost/focalboard/server/ws/plugin_adapter.go:252.35,254.3 1 1
github.com/mattermost/focalboard/server/ws/plugin_adapter.go:256.2,257.34 2 1
github.com/mattermost/focalboard/server/ws/plugin_adapter.go:257.34,259.3 1 1
github.com/mattermost/focalboard/server/ws/plugin_adapter.go:261.2,261.24 1 1
github.com/mattermost/focalboard/server/ws/plugin_adapter.go:265.101,266.35 1 0
github.com/mattermost/focalboard/server/ws/plugin_adapter.go:266.35,267.39 1 0
github.com/mattermost/focalboard/server/ws/plugin_adapter.go:267.39,269.4 1 0
github.com/mattermost/focalboard/server/ws/plugin_adapter.go:273.71,274.65 1 1
github.com/mattermost/focalboard/server/ws/plugin_adapter.go:274.65,281.3 3 1
github.com/mattermost/focalboard/server/ws/plugin_adapter.go:283.2,292.35 3 1
github.com/mattermost/focalboard/server/ws/plugin_adapter.go:295.74,297.9 2 1
github.com/mattermost/focalboard/server/ws/plugin_adapter.go:297.9,303.3 2 1
github.com/mattermost/focalboard/server/ws/plugin_adapter.go:305.2,305.57 1 1
github.com/mattermost/focalboard/server/ws/plugin_adapter.go:308.83,311.42 2 1
github.com/mattermost/focalboard/server/ws/plugin_adapter.go:311.42,313.3 1 1
github.com/mattermost/focalboard/server/ws/plugin_adapter.go:313.8,315.3 1 1
github.com/mattermost/focalboard/server/ws/plugin_adapter.go:317.2,317.48 1 1
github.com/mattermost/focalboard/server/ws/plugin_adapter.go:317.48,319.3 1 0
github.com/mattermost/focalboard/server/ws/plugin_adapter.go:321.2,321.46 1 1
github.com/mattermost/focalboard/server/ws/plugin_adapter.go:321.46,323.3 1 0
github.com/mattermost/focalboard/server/ws/plugin_adapter.go:325.2,325.15 1 1
github.com/mattermost/focalboard/server/ws/plugin_adapter.go:328.113,330.9 2 1
github.com/mattermost/focalboard/server/ws/plugin_adapter.go:330.9,337.3 2 1
github.com/mattermost/focalboard/server/ws/plugin_adapter.go:340.2,340.60 1 1
github.com/mattermost/focalboard/server/ws/plugin_adapter.go:340.60,342.3 1 0
github.com/mattermost/focalboard/server/ws/plugin_adapter.go:344.2,345.16 2 1
github.com/mattermost/focalboard/server/ws/plugin_adapter.go:345.16,353.3 2 1
github.com/mattermost/focalboard/server/ws/plugin_adapter.go:355.2,355.24 1 1
github.com/mattermost/focalboard/server/ws/plugin_adapter.go:359.72,365.4 1 1
github.com/mattermost/focalboard/server/ws/plugin_adapter.go:367.36,375.62 2 1
github.com/mattermost/focalboard/server/ws/plugin_adapter.go:375.62,377.4 1 0
github.com/mattermost/focalboard/server/ws/plugin_adapter.go:379.3,379.50 1 1
github.com/mattermost/focalboard/server/ws/plugin_adapter.go:380.38,387.54 2 1
github.com/mattermost/focalboard/server/ws/plugin_adapter.go:392.89,395.2 1 1
github.com/mattermost/focalboard/server/ws/plugin_adapter.go:397.81,399.2 1 1
github.com/mattermost/focalboard/server/ws/plugin_adapter.go:402.118,403.33 1 1
github.com/mattermost/focalboard/server/ws/plugin_adapter.go:403.33,405.3 1 1
github.com/mattermost/focalboard/server/ws/plugin_adapter.go:410.107,413.2 2 1
github.com/mattermost/focalboard/server/ws/plugin_adapter.go:417.121,418.12 1 1
github.com/mattermost/focalboard/server/ws/plugin_adapter.go:418.12,426.3 2 1
github.com/mattermost/focalboard/server/ws/plugin_adapter.go:428.2,428.55 1 1
github.com/mattermost/focalboard/server/ws/plugin_adapter.go:433.135,436.2 2 1
github.com/mattermost/focalboard/server/ws/plugin_adapter.go:441.124,442.12 1 1
github.com/mattermost/focalboard/server/ws/plugin_adapter.go:442.12,451.3 2 1
github.com/mattermost/focalboard/server/ws/plugin_adapter.go:453.2,453.76 1 1
github.com/mattermost/focalboard/server/ws/plugin_adapter.go:456.82,470.2 3 1
github.com/mattermost/focalboard/server/ws/plugin_adapter.go:472.75,487.12 4 1
github.com/mattermost/focalboard/server/ws/plugin_adapter.go:487.12,494.3 2 1
github.com/mattermost/focalboard/server/ws/plugin_adapter.go:496.2,496.88 1 1
github.com/mattermost/focalboard/server/ws/plugin_adapter.go:499.98,511.12 4 1
github.com/mattermost/focalboard/server/ws/plugin_adapter.go:511.12,518.3 2 1
github.com/mattermost/focalboard/server/ws/plugin_adapter.go:520.2,520.64 1 1
github.com/mattermost/focalboard/server/ws/plugin_adapter.go:523.114,537.12 4 1
github.com/mattermost/focalboard/server/ws/plugin_adapter.go:537.12,544.3 2 1
github.com/mattermost/focalboard/server/ws/plugin_adapter.go:546.2,546.64 1 1
github.com/mattermost/focalboard/server/ws/plugin_adapter.go:549.131,565.12 4 1
github.com/mattermost/focalboard/server/ws/plugin_adapter.go:565.12,572.3 2 1
github.com/mattermost/focalboard/server/ws/plugin_adapter.go:574.2,574.103 1 1
github.com/mattermost/focalboard/server/ws/plugin_adapter.go:577.80,586.2 7 1
github.com/mattermost/focalboard/server/ws/plugin_adapter.go:588.82,601.2 3 1
github.com/mattermost/focalboard/server/ws/plugin_adapter.go:603.71,612.2 7 1
github.com/mattermost/focalboard/server/ws/plugin_adapter.go:614.99,628.2 3 1
github.com/mattermost/focalboard/server/ws/plugin_adapter.go:630.80,647.2 3 1
github.com/mattermost/focalboard/server/ws/plugin_adapter.go:649.103,662.2 3 1
github.com/mattermost/focalboard/server/ws/plugin_adapter.go:664.86,675.2 3 1
github.com/mattermost/focalboard/server/ws/plugin_adapter_client.go:20.49,22.2 1 1
github.com/mattermost/focalboard/server/ws/plugin_adapter_client.go:24.74,26.2 1 0
github.com/mattermost/focalboard/server/ws/plugin_adapter_client.go:28.64,33.2 3 1
github.com/mattermost/focalboard/server/ws/plugin_adapter_client.go:35.68,40.31 4 1
github.com/mattermost/focalboard/server/ws/plugin_adapter_client.go:40.31,41.19 1 1
github.com/mattermost/focalboard/server/ws/plugin_adapter_client.go:41.19,43.4 1 0
github.com/mattermost/focalboard/server/ws/plugin_adapter_client.go:45.2,45.28 1 1
github.com/mattermost/focalboard/server/ws/plugin_adapter_client.go:48.70,53.32 4 0
github.com/mattermost/focalboard/server/ws/plugin_adapter_client.go:53.32,54.20 1 0
github.com/mattermost/focalboard/server/ws/plugin_adapter_client.go:54.20,56.4 1 0
github.com/mattermost/focalboard/server/ws/plugin_adapter_client.go:58.2,58.30 1 0
github.com/mattermost/focalboard/server/ws/plugin_adapter_client.go:61.72,65.31 3 1
github.com/mattermost/focalboard/server/ws/plugin_adapter_client.go:65.31,66.19 1 1
github.com/mattermost/focalboard/server/ws/plugin_adapter_client.go:66.19,68.4 1 1
github.com/mattermost/focalboard/server/ws/plugin_adapter_client.go:71.2,71.14 1 1
github.com/mattermost/focalboard/server/ws/plugin_adapter_client.go:75.74,79.32 3 0
github.com/mattermost/focalboard/server/ws/plugin_adapter_client.go:79.32,80.20 1 0
github.com/mattermost/focalboard/server/ws/plugin_adapter_client.go:80.20,82.4 1 0
github.com/mattermost/focalboard/server/ws/plugin_adapter_client.go:85.2,85.14 1 0
github.com/mattermost/focalboard/server/ws/plugin_adapter_cluster.go:18.79,21.16 3 1
github.com/mattermost/focalboard/server/ws/plugin_adapter_cluster.go:21.16,27.3 2 0
github.com/mattermost/focalboard/server/ws/plugin_adapter_cluster.go:29.2,34.70 3 1
github.com/mattermost/focalboard/server/ws/plugin_adapter_cluster.go:34.70,39.3 1 0
github.com/mattermost/focalboard/server/ws/plugin_adapter_cluster.go:42.76,46.65 3 1
github.com/mattermost/focalboard/server/ws/plugin_adapter_cluster.go:46.65,52.3 2 1
github.com/mattermost/focalboard/server/ws/plugin_adapter_cluster.go:54.2,54.34 1 1
github.com/mattermost/focalboard/server/ws/plugin_adapter_cluster.go:54.34,57.3 2 0
github.com/mattermost/focalboard/server/ws/plugin_adapter_cluster.go:59.2,60.59 2 1
github.com/mattermost/focalboard/server/ws/plugin_adapter_cluster.go:60.59,61.38 1 0
github.com/mattermost/focalboard/server/ws/plugin_adapter_cluster.go:61.38,63.4 1 0
github.com/mattermost/focalboard/server/ws/plugin_adapter_cluster.go:65.2,65.18 1 1
github.com/mattermost/focalboard/server/ws/plugin_adapter_cluster.go:65.18,72.3 2 1
github.com/mattermost/focalboard/server/ws/plugin_adapter_cluster.go:74.2,74.33 1 0
github.com/mattermost/focalboard/server/ws/plugin_adapter_cluster.go:74.33,77.3 2 0
github.com/mattermost/focalboard/server/ws/plugin_adapter_cluster.go:79.2,79.86 1 0
github.com/mattermost/focalboard/server/ws/server.go:17.61,22.2 4 1
github.com/mattermost/focalboard/server/ws/server.go:24.69,25.31 1 1
github.com/mattermost/focalboard/server/ws/server.go:25.31,26.19 1 1
github.com/mattermost/focalboard/server/ws/server.go:26.19,28.4 1 1
github.com/mattermost/focalboard/server/ws/server.go:31.2,31.14 1 1
github.com/mattermost/focalboard/server/ws/server.go:34.71,35.32 1 0
github.com/mattermost/focalboard/server/ws/server.go:35.32,36.20 1 0
github.com/mattermost/focalboard/server/ws/server.go:36.20,38.4 1 0
github.com/mattermost/focalboard/server/ws/server.go:41.2,41.14 1 0
github.com/mattermost/focalboard/server/ws/server.go:66.53,68.2 1 1
github.com/mattermost/focalboard/server/ws/server.go:71.126,77.44 1 1
github.com/mattermost/focalboard/server/ws/server.go:77.44,79.5 1 1
github.com/mattermost/focalboard/server/ws/server.go:90.49,92.2 1 1
github.com/mattermost/focalboard/server/ws/server.go:94.75,97.16 2 1
github.com/mattermost/focalboard/server/ws/server.go:97.16,100.3 2 0
github.com/mattermost/focalboard/server/ws/server.go:103.2,111.25 2 1
github.com/mattermost/focalboard/server/ws/server.go:111.25,113.3 1 0
github.com/mattermost/focalboard/server/ws/server.go:115.2,118.15 2 1
github.com/mattermost/focalboard/server/ws/server.go:118.15,124.3 3 1
github.com/mattermost/focalboard/server/ws/server.go:127.2,127.6 1 1
github.com/mattermost/focalboard/server/ws/server.go:127.6,129.17 2 1
github.com/mattermost/focalboard/server/ws/server.go:129.17,135.9 3 1
github.com/mattermost/focalboard/server/ws/server.go:138.3,141.17 3 1
github.com/mattermost/focalboard/server/ws/server.go:141.17,145.12 2 0
github.com/mattermost/focalboard/server/ws/server.go:148.3,148.44 1 1
github.com/mattermost/focalboard/server/ws/server.go:148.44,152.12 3 1
github.com/mattermost/focalboard/server/ws/server.go:158.3,158.55 1 1
github.com/mattermost/focalboard/server/ws/server.go:158.55,164.44 2 1
github.com/mattermost/focalboard/server/ws/server.go:164.44,171.13 2 0
github.com/mattermost/focalboard/server/ws/server.go:174.4,175.12 2 0
github.com/mattermost/focalboard/server/ws/server.go:178.3,178.57 1 1
github.com/mattermost/focalboard/server/ws/server.go:178.57,184.44 2 0
github.com/mattermost/focalboard/server/ws/server.go:184.44,191.13 2 0
github.com/mattermost/focalboard/server/ws/server.go:194.4,195.12 2 0
github.com/mattermost/focalboard/server/ws/server.go:200.3,200.35 1 1
github.com/mattermost/focalboard/server/ws/server.go:200.35,206.12 2 1
github.com/mattermost/focalboard/server/ws/server.go:209.3,209.25 1 1
github.com/mattermost/focalboard/server/ws/server.go:210.37,218.36 2 1
github.com/mattermost/focalboard/server/ws/server.go:218.36,219.45 1 1
github.com/mattermost/focalboard/server/ws/server.go:219.45,220.14 1 0
github.com/mattermost/focalboard/server/ws/server.go:225.10,227.74 2 0
github.com/mattermost/focalboard/server/ws/server.go:227.74,229.14 2 0
github.com/mattermost/focalboard/server/ws/server.go:233.4,233.57 1 1
github.com/mattermost/focalboard/server/ws/server.go:234.39,240.61 2 1
github.com/mattermost/focalboard/server/ws/server.go:241.11,242.101 1 0
github.com/mattermost/focalboard/server/ws/server.go:249.74,250.30 1 1
github.com/mattermost/focalboard/server/ws/server.go:250.30,252.3 1 0
github.com/mattermost/focalboard/server/ws/server.go:254.2,256.43 2 1
github.com/mattermost/focalboard/server/ws/server.go:256.43,258.17 2 1
github.com/mattermost/focalboard/server/ws/server.go:258.17,260.4 1 0
github.com/mattermost/focalboard/server/ws/server.go:262.3,262.20 1 1
github.com/mattermost/focalboard/server/ws/server.go:262.20,264.12 2 1
github.com/mattermost/focalboard/server/ws/server.go:267.3,267.31 1 0
github.com/mattermost/focalboard/server/ws/server.go:267.31,269.4 1 0
github.com/mattermost/focalboard/server/ws/server.go:273.2,274.16 2 1
github.com/mattermost/focalboard/server/ws/server.go:274.16,280.3 2 0
github.com/mattermost/focalboard/server/ws/server.go:282.2,282.16 1 0
github.com/mattermost/focalboard/server/ws/server.go:289.59,293.2 3 1
github.com/mattermost/focalboard/server/ws/server.go:297.62,304.38 3 1
github.com/mattermost/focalboard/server/ws/server.go:304.38,306.3 1 1
github.com/mattermost/focalboard/server/ws/server.go:309.2,309.40 1 1
github.com/mattermost/focalboard/server/ws/server.go:309.40,311.3 1 0
github.com/mattermost/focalboard/server/ws/server.go:313.2,313.32 1 1
github.com/mattermost/focalboard/server/ws/server.go:318.86,319.41 1 1
github.com/mattermost/focalboard/server/ws/server.go:319.41,321.3 1 0
github.com/mattermost/focalboard/server/ws/server.go:323.2,327.49 4 1
github.com/mattermost/focalboard/server/ws/server.go:333.90,334.42 1 1
github.com/mattermost/focalboard/server/ws/server.go:334.42,336.3 1 0
github.com/mattermost/focalboard/server/ws/server.go:338.2,341.45 3 1
github.com/mattermost/focalboard/server/ws/server.go:346.92,350.35 3 0
github.com/mattermost/focalboard/server/ws/server.go:350.35,351.44 1 0
github.com/mattermost/focalboard/server/ws/server.go:351.44,352.12 1 0
github.com/mattermost/focalboard/server/ws/server.go:355.3,356.53 2 0
github.com/mattermost/focalboard/server/ws/server.go:363.96,367.35 3 0
github.com/mattermost/focalboard/server/ws/server.go:367.35,368.44 1 0
github.com/mattermost/focalboard/server/ws/server.go:368.44,370.4 1 0
github.com/mattermost/focalboard/server/ws/server.go:376.85,379.47 2 1
github.com/mattermost/focalboard/server/ws/server.go:379.47,380.20 1 1
github.com/mattermost/focalboard/server/ws/server.go:380.20,382.4 1 0
github.com/mattermost/focalboard/server/ws/server.go:384.2,388.36 3 1
github.com/mattermost/focalboard/server/ws/server.go:388.36,389.19 1 1
github.com/mattermost/focalboard/server/ws/server.go:389.19,391.4 1 0
github.com/mattermost/focalboard/server/ws/server.go:393.2,393.35 1 1
github.com/mattermost/focalboard/server/ws/server.go:398.87,401.49 2 0
github.com/mattermost/focalboard/server/ws/server.go:401.49,402.20 1 0
github.com/mattermost/focalboard/server/ws/server.go:402.20,404.4 1 0
github.com/mattermost/focalboard/server/ws/server.go:406.2,410.37 3 0
github.com/mattermost/focalboard/server/ws/server.go:410.37,411.20 1 0
github.com/mattermost/focalboard/server/ws/server.go:411.20,413.4 1 0
github.com/mattermost/focalboard/server/ws/server.go:415.2,415.37 1 0
github.com/mattermost/focalboard/server/ws/server.go:418.58,419.33 1 1
github.com/mattermost/focalboard/server/ws/server.go:419.33,420.34 1 1
github.com/mattermost/focalboard/server/ws/server.go:420.34,422.4 1 1
github.com/mattermost/focalboard/server/ws/server.go:422.9,424.4 1 0
github.com/mattermost/focalboard/server/ws/server.go:427.2,428.34 2 0
github.com/mattermost/focalboard/server/ws/server.go:428.34,430.3 1 0
github.com/mattermost/focalboard/server/ws/server.go:432.2,432.23 1 0
github.com/mattermost/focalboard/server/ws/server.go:435.83,440.33 2 1
github.com/mattermost/focalboard/server/ws/server.go:440.33,448.3 2 0
github.com/mattermost/focalboard/server/ws/server.go:451.2,452.18 2 1
github.com/mattermost/focalboard/server/ws/server.go:452.18,455.3 2 0
github.com/mattermost/focalboard/server/ws/server.go:458.2,459.141 2 1
github.com/mattermost/focalboard/server/ws/server.go:464.76,466.2 1 1
github.com/mattermost/focalboard/server/ws/server.go:470.79,471.54 1 1
github.com/mattermost/focalboard/server/ws/server.go:471.54,472.32 1 1
github.com/mattermost/focalboard/server/ws/server.go:472.32,474.4 1 1
github.com/mattermost/focalboard/server/ws/server.go:476.2,476.12 1 0
github.com/mattermost/focalboard/server/ws/server.go:481.114,483.16 2 1
github.com/mattermost/focalboard/server/ws/server.go:483.16,490.3 2 0
github.com/mattermost/focalboard/server/ws/server.go:492.2,493.33 2 1
github.com/mattermost/focalboard/server/ws/server.go:493.33,495.3 1 1
github.com/mattermost/focalboard/server/ws/server.go:496.2,496.33 1 1
github.com/mattermost/focalboard/server/ws/server.go:496.33,498.3 1 1
github.com/mattermost/focalboard/server/ws/server.go:500.2,501.28 2 1
github.com/mattermost/focalboard/server/ws/server.go:501.28,503.3 1 1
github.com/mattermost/focalboard/server/ws/server.go:505.2,506.37 2 1
github.com/mattermost/focalboard/server/ws/server.go:506.37,507.55 1 1
github.com/mattermost/focalboard/server/ws/server.go:507.55,508.35 1 1
github.com/mattermost/focalboard/server/ws/server.go:508.35,510.5 1 1
github.com/mattermost/focalboard/server/ws/server.go:513.2,513.18 1 1
github.com/mattermost/focalboard/server/ws/server.go:517.73,526.2 7 1
github.com/mattermost/focalboard/server/ws/server.go:529.75,545.43 5 1
github.com/mattermost/focalboard/server/ws/server.go:545.43,551.3 2 1
github.com/mattermost/focalboard/server/ws/server.go:553.2,553.37 1 1
github.com/mattermost/focalboard/server/ws/server.go:553.37,561.17 3 1
github.com/mattermost/focalboard/server/ws/server.go:561.17,564.4 2 0
github.com/mattermost/focalboard/server/ws/server.go:568.68,576.21 3 1
github.com/mattermost/focalboard/server/ws/server.go:576.21,584.53 2 1
github.com/mattermost/focalboard/server/ws/server.go:584.53,587.4 2 0
github.com/mattermost/focalboard/server/ws/server.go:591.91,599.21 3 1
github.com/mattermost/focalboard/server/ws/server.go:599.21,606.53 2 1
github.com/mattermost/focalboard/server/ws/server.go:606.53,609.4 2 0
github.com/mattermost/focalboard/server/ws/server.go:613.106,622.21 3 1
github.com/mattermost/focalboard/server/ws/server.go:622.21,630.53 2 1
github.com/mattermost/focalboard/server/ws/server.go:630.53,633.4 2 0
github.com/mattermost/focalboard/server/ws/server.go:637.124,645.21 3 1
github.com/mattermost/focalboard/server/ws/server.go:645.21,653.53 2 1
github.com/mattermost/focalboard/server/ws/server.go:653.53,656.4 2 0
github.com/mattermost/focalboard/server/ws/server.go:661.74,672.34 4 1
github.com/mattermost/focalboard/server/ws/server.go:672.34,677.17 3 1
github.com/mattermost/focalboard/server/ws/server.go:677.17,680.4 2 0
github.com/mattermost/focalboard/server/ws/server.go:684.75,698.37 4 1
github.com/mattermost/focalboard/server/ws/server.go:698.37,706.17 3 1
github.com/mattermost/focalboard/server/ws/server.go:706.17,709.4 2 0
github.com/mattermost/focalboard/server/ws/server.go:713.64,722.2 7 1
github.com/mattermost/focalboard/server/ws/server.go:724.92,738.37 4 1
github.com/mattermost/focalboard/server/ws/server.go:738.37,746.17 3 1
github.com/mattermost/focalboard/server/ws/server.go:746.17,749.4 2 0
github.com/mattermost/focalboard/server/ws/server.go:753.73,770.37 4 1
github.com/mattermost/focalboard/server/ws/server.go:770.37,778.17 3 1
github.com/mattermost/focalboard/server/ws/server.go:778.17,781.4 2 0
github.com/mattermost/focalboard/server/ws/server.go:785.102,787.2 0 1
github.com/mattermost/focalboard/server/ws/server.go:789.80,791.2 0 1
